Archive member included to satisfy reference by file (symbol)

f:/scoop/apps/msys2/current/mingw64/bin/../lib/gcc/arm-none-eabi/12.2.0/thumb/v6-m/nofp\libgcc.a(_dvmd_tls.o)
                              kernel/CMakeFiles/kernel.dir/C_/Users/julie/Tools/pico-sdk/src/rp2_common/pico_divider/divider.S.obj (__aeabi_idiv0)
f:/scoop/apps/msys2/current/mingw64/bin/../lib/gcc/arm-none-eabi/12.2.0/../../../../arm-none-eabi/lib/thumb/v6-m/nofp\libg.a(lib_a-atexit.o)
                              f:/scoop/apps/msys2/current/mingw64/bin/../lib/gcc/arm-none-eabi/12.2.0/../../../../arm-none-eabi/lib/thumb/v6-m/nofp/crt0.o (atexit)
f:/scoop/apps/msys2/current/mingw64/bin/../lib/gcc/arm-none-eabi/12.2.0/../../../../arm-none-eabi/lib/thumb/v6-m/nofp\libg.a(lib_a-calloc.o)
                              kernel/CMakeFiles/kernel.dir/C_/Users/julie/Tools/pico-sdk/src/rp2_common/pico_malloc/pico_malloc.c.obj (calloc)
f:/scoop/apps/msys2/current/mingw64/bin/../lib/gcc/arm-none-eabi/12.2.0/../../../../arm-none-eabi/lib/thumb/v6-m/nofp\libg.a(lib_a-callocr.o)
                              f:/scoop/apps/msys2/current/mingw64/bin/../lib/gcc/arm-none-eabi/12.2.0/../../../../arm-none-eabi/lib/thumb/v6-m/nofp\libg.a(lib_a-calloc.o) (_calloc_r)
f:/scoop/apps/msys2/current/mingw64/bin/../lib/gcc/arm-none-eabi/12.2.0/../../../../arm-none-eabi/lib/thumb/v6-m/nofp\libg.a(lib_a-errno.o)
                              f:/scoop/apps/msys2/current/mingw64/bin/../lib/gcc/arm-none-eabi/12.2.0/../../../../arm-none-eabi/lib/thumb/v6-m/nofp\libg.a(lib_a-callocr.o) (__errno)
f:/scoop/apps/msys2/current/mingw64/bin/../lib/gcc/arm-none-eabi/12.2.0/../../../../arm-none-eabi/lib/thumb/v6-m/nofp\libg.a(lib_a-fini.o)
                              f:/scoop/apps/msys2/current/mingw64/bin/../lib/gcc/arm-none-eabi/12.2.0/../../../../arm-none-eabi/lib/thumb/v6-m/nofp/crt0.o (__libc_fini_array)
f:/scoop/apps/msys2/current/mingw64/bin/../lib/gcc/arm-none-eabi/12.2.0/../../../../arm-none-eabi/lib/thumb/v6-m/nofp\libg.a(lib_a-impure.o)
                              f:/scoop/apps/msys2/current/mingw64/bin/../lib/gcc/arm-none-eabi/12.2.0/../../../../arm-none-eabi/lib/thumb/v6-m/nofp\libg.a(lib_a-calloc.o) (_impure_ptr)
f:/scoop/apps/msys2/current/mingw64/bin/../lib/gcc/arm-none-eabi/12.2.0/../../../../arm-none-eabi/lib/thumb/v6-m/nofp\libg.a(lib_a-init.o)
                              f:/scoop/apps/msys2/current/mingw64/bin/../lib/gcc/arm-none-eabi/12.2.0/../../../../arm-none-eabi/lib/thumb/v6-m/nofp/crt0.o (__libc_init_array)
f:/scoop/apps/msys2/current/mingw64/bin/../lib/gcc/arm-none-eabi/12.2.0/../../../../arm-none-eabi/lib/thumb/v6-m/nofp\libg.a(lib_a-malloc.o)
                              kernel/CMakeFiles/kernel.dir/C_/Users/julie/Tools/pico-sdk/src/rp2_common/pico_malloc/pico_malloc.c.obj (malloc)
f:/scoop/apps/msys2/current/mingw64/bin/../lib/gcc/arm-none-eabi/12.2.0/../../../../arm-none-eabi/lib/thumb/v6-m/nofp\libg.a(lib_a-mallocr.o)
                              f:/scoop/apps/msys2/current/mingw64/bin/../lib/gcc/arm-none-eabi/12.2.0/../../../../arm-none-eabi/lib/thumb/v6-m/nofp\libg.a(lib_a-callocr.o) (_malloc_r)
f:/scoop/apps/msys2/current/mingw64/bin/../lib/gcc/arm-none-eabi/12.2.0/../../../../arm-none-eabi/lib/thumb/v6-m/nofp\libg.a(lib_a-mlock.o)
                              f:/scoop/apps/msys2/current/mingw64/bin/../lib/gcc/arm-none-eabi/12.2.0/../../../../arm-none-eabi/lib/thumb/v6-m/nofp\libg.a(lib_a-mallocr.o) (__malloc_lock)
f:/scoop/apps/msys2/current/mingw64/bin/../lib/gcc/arm-none-eabi/12.2.0/../../../../arm-none-eabi/lib/thumb/v6-m/nofp\libg.a(lib_a-realloc.o)
                              kernel/CMakeFiles/kernel.dir/C_/Users/julie/Tools/pico-sdk/src/rp2_common/pico_malloc/pico_malloc.c.obj (realloc)
f:/scoop/apps/msys2/current/mingw64/bin/../lib/gcc/arm-none-eabi/12.2.0/../../../../arm-none-eabi/lib/thumb/v6-m/nofp\libg.a(lib_a-reallocr.o)
                              f:/scoop/apps/msys2/current/mingw64/bin/../lib/gcc/arm-none-eabi/12.2.0/../../../../arm-none-eabi/lib/thumb/v6-m/nofp\libg.a(lib_a-realloc.o) (_realloc_r)
f:/scoop/apps/msys2/current/mingw64/bin/../lib/gcc/arm-none-eabi/12.2.0/../../../../arm-none-eabi/lib/thumb/v6-m/nofp\libg.a(lib_a-sbrkr.o)
                              f:/scoop/apps/msys2/current/mingw64/bin/../lib/gcc/arm-none-eabi/12.2.0/../../../../arm-none-eabi/lib/thumb/v6-m/nofp\libg.a(lib_a-mallocr.o) (_sbrk_r)
f:/scoop/apps/msys2/current/mingw64/bin/../lib/gcc/arm-none-eabi/12.2.0/../../../../arm-none-eabi/lib/thumb/v6-m/nofp\libg.a(lib_a-strlen-stub.o)
                              kernel/CMakeFiles/kernel.dir/C_/Users/julie/Tools/pico-sdk/src/rp2_common/pico_stdio/stdio.c.obj (strlen)
f:/scoop/apps/msys2/current/mingw64/bin/../lib/gcc/arm-none-eabi/12.2.0/../../../../arm-none-eabi/lib/thumb/v6-m/nofp\libg.a(lib_a-__atexit.o)
[...]
Memory Configuration

Name             Origin             Length             Attributes
FLASH            0x0000000010000000 0x0000000000200000 xr
RAM              0x0000000020000000 0x0000000000040000 xrw
SCRATCH_X        0x0000000020040000 0x0000000000001000 xrw
SCRATCH_Y        0x0000000020041000 0x0000000000001000 xrw
*default*        0x0000000000000000 0xffffffffffffffff

Linker script and memory map

LOAD f:/scoop/apps/msys2/current/mingw64/bin/../lib/gcc/arm-none-eabi/12.2.0/thumb/v6-m/nofp/crti.o
LOAD f:/scoop/apps/msys2/current/mingw64/bin/../lib/gcc/arm-none-eabi/12.2.0/thumb/v6-m/nofp/crtbegin.o
LOAD f:/scoop/apps/msys2/current/mingw64/bin/../lib/gcc/arm-none-eabi/12.2.0/../../../../arm-none-eabi/lib/thumb/v6-m/nofp/crt0.o

.flash_begin    0x0000000010000000        0x0
                0x0000000010000000                __flash_binary_start = .

.boot2          0x0000000010000000      0x100
                0x0000000010000000                __boot2_start__ = .
 *(.boot2)
 .boot2         0x0000000010000000      0x100 C:\Users\julie\AppData\Local\Temp\ccqbhM4p.o
                0x0000000010000100                __boot2_end__ = .
                0x0000000000000001                ASSERT (((__boot2_end__ - __boot2_start__) == 0x100), ERROR: Pico second stage bootloader must be 256 bytes in size)

.text           0x0000000010000100     0x40c0
                0x0000000010000100                __logical_binary_start = .
 *(.vectors)
 .vectors       0x0000000010000100       0xd4 kernel/CMakeFiles/kernel.dir/C_/Users/julie/Tools/pico-sdk/src/rp2_common/pico_standard_link/crt0.S.obj
                0x0000000010000100                __VECTOR_TABLE
                0x0000000010000100                __vectors
                0x00000000100001c0                isr_invalid
                0x00000000100001c0                __default_isrs_start
                0x00000000100001c2                isr_nmi
                0x00000000100001c4                isr_hardfault
                0x00000000100001c6                isr_svcall
                0x00000000100001c8                isr_pendsv
                0x00000000100001ca                isr_systick
                0x00000000100001cc                isr_irq23
                0x00000000100001cc                isr_irq18
                0x00000000100001cc                isr_irq11
                0x00000000100001cc                isr_irq28
                0x00000000100001cc                isr_irq19
                0x00000000100001cc                isr_irq0
                0x00000000100001cc                isr_irq6
                0x00000000100001cc                isr_irq5
                0x00000000100001cc                isr_irq12
                0x00000000100001cc                isr_irq22
                0x00000000100001cc                isr_irq31
                0x00000000100001cc                isr_irq17
                0x00000000100001cc                isr_irq27
                0x00000000100001cc                isr_irq30
                0x00000000100001cc                isr_irq2
                0x00000000100001cc                isr_irq10
                0x00000000100001cc                isr_irq8
                0x00000000100001cc                isr_irq24
                0x00000000100001cc                isr_irq1
                0x00000000100001cc                isr_irq7
                0x00000000100001cc                isr_irq21
                0x00000000100001cc                isr_irq20
                0x00000000100001cc                isr_irq15
                0x00000000100001cc                isr_irq25
                0x00000000100001cc                isr_irq13
                0x00000000100001cc                __unhandled_user_irq
                0x00000000100001cc                isr_irq4
                0x00000000100001cc                isr_irq16
                0x00000000100001cc                isr_irq29
                0x00000000100001cc                isr_irq26
                0x00000000100001cc                __default_isrs_end
                0x00000000100001cc                isr_irq3
                0x00000000100001cc                isr_irq14
                0x00000000100001cc                isr_irq9
                0x00000000100001d2                unhandled_user_irq_num_in_r0
 *(.binary_info_header)
 .binary_info_header
                0x00000000100001d4       0x14 kernel/CMakeFiles/kernel.dir/C_/Users/julie/Tools/pico-sdk/src/rp2_common/pico_standard_link/crt0.S.obj
                0x00000000100001e8                __binary_info_header_end = .
 *(.reset)
 .reset         0x00000000100001e8       0xa0 kernel/CMakeFiles/kernel.dir/C_/Users/julie/Tools/pico-sdk/src/rp2_common/pico_standard_link/crt0.S.obj
                0x00000000100001e8                _entry_point
 .reset         0x0000000010000288       0x30 kernel/CMakeFiles/kernel.dir/C_/Users/julie/Tools/pico-sdk/src/rp2_common/pico_standard_link/binary_info.c.obj
 *(.init)
 .init          0x00000000100002b8        0x4 f:/scoop/apps/msys2/current/mingw64/bin/../lib/gcc/arm-none-eabi/12.2.0/thumb/v6-m/nofp/crti.o
                0x00000000100002b8                _init
 *(EXCLUDE_FILE(*libm.a: *libc.a:*lib_a-mem*.o *libgcc.a:) .text*)
 .text.frame_dummy
                0x00000000100002bc       0x20 f:/scoop/apps/msys2/current/mingw64/bin/../lib/gcc/arm-none-eabi/12.2.0/thumb/v6-m/nofp/crtbegin.o
 .text.main     0x00000000100002dc       0x3c kernel/CMakeFiles/kernel.dir/main.c.obj
                0x00000000100002dc                main
 .text.gpio_set_function
                0x0000000010000318       0x30 kernel/CMakeFiles/kernel.dir/C_/Users/julie/Tools/pico-sdk/src/rp2_common/hardware_gpio/gpio.c.obj
                0x0000000010000318                gpio_set_function
 .text.gpio_init
                0x0000000010000348       0x16 kernel/CMakeFiles/kernel.dir/C_/Users/julie/Tools/pico-sdk/src/rp2_common/hardware_gpio/gpio.c.obj
                0x0000000010000348                gpio_init
 *fill*         0x000000001000035e        0x2 
 .text.running_on_fpga
                0x0000000010000360       0x14 kernel/CMakeFiles/kernel.dir/C_/Users/julie/Tools/pico-sdk/src/rp2_common/pico_platform/platform.c.obj
                0x0000000010000360                running_on_fpga
 .text.hw_claim_lock
                0x0000000010000374       0x18 kernel/CMakeFiles/kernel.dir/C_/Users/julie/Tools/pico-sdk/src/rp2_common/hardware_claim/claim.c.obj
                0x0000000010000374                hw_claim_lock
 .text.hw_claim_unlock
                0x000000001000038c       0x14 kernel/CMakeFiles/kernel.dir/C_/Users/julie/Tools/pico-sdk/src/rp2_common/hardware_claim/claim.c.obj
                0x000000001000038c                hw_claim_unlock
 .text.hw_claim_or_assert
                0x00000000100003a0       0x32 kernel/CMakeFiles/kernel.dir/C_/Users/julie/Tools/pico-sdk/src/rp2_common/hardware_claim/claim.c.obj
                0x00000000100003a0                hw_claim_or_assert
 *fill*         0x00000000100003d2        0x2 
 .text.spin_locks_reset
                0x00000000100003d4       0x20 kernel/CMakeFiles/kernel.dir/C_/Users/julie/Tools/pico-sdk/src/rp2_common/hardware_sync/sync.c.obj
                0x00000000100003d4                spin_locks_reset
 .text.next_striped_spin_lock_num
                0x00000000100003f4       0x1c kernel/CMakeFiles/kernel.dir/C_/Users/julie/Tools/pico-sdk/src/rp2_common/hardware_sync/sync.c.obj
                0x00000000100003f4                next_striped_spin_lock_num
 .text.set_raw_irq_handler_and_unlock
                0x0000000010000410       0x28 kernel/CMakeFiles/kernel.dir/C_/Users/julie/Tools/pico-sdk/src/rp2_common/hardware_irq/irq.c.obj
 .text.resolve_branch
                0x0000000010000438       0x30 kernel/CMakeFiles/kernel.dir/C_/Users/julie/Tools/pico-sdk/src/rp2_common/hardware_irq/irq.c.obj
 .text.make_branch
                0x0000000010000468       0x48 kernel/CMakeFiles/kernel.dir/C_/Users/julie/Tools/pico-sdk/src/rp2_common/hardware_irq/irq.c.obj
 .text.insert_branch_and_link
                0x00000000100004b0       0x40 kernel/CMakeFiles/kernel.dir/C_/Users/julie/Tools/pico-sdk/src/rp2_common/hardware_irq/irq.c.obj
 .text.irq_is_enabled
                0x00000000100004f0       0x18 kernel/CMakeFiles/kernel.dir/C_/Users/julie/Tools/pico-sdk/src/rp2_common/hardware_irq/irq.c.obj
                0x00000000100004f0                irq_is_enabled
 .text.irq_set_mask_enabled
                0x0000000010000508       0x20 kernel/CMakeFiles/kernel.dir/C_/Users/julie/Tools/pico-sdk/src/rp2_common/hardware_irq/irq.c.obj
                0x0000000010000508                irq_set_mask_enabled
 .text.irq_set_enabled
                0x0000000010000528        0xe kernel/CMakeFiles/kernel.dir/C_/Users/julie/Tools/pico-sdk/src/rp2_common/hardware_irq/irq.c.obj
                0x0000000010000528                irq_set_enabled
 *fill*         0x0000000010000536        0x2 
 .text.irq_get_vtable_handler
                0x0000000010000538       0x10 kernel/CMakeFiles/kernel.dir/C_/Users/julie/Tools/pico-sdk/src/rp2_common/hardware_irq/irq.c.obj
                0x0000000010000538                irq_get_vtable_handler
 .text.irq_set_exclusive_handler
                0x0000000010000548       0x54 kernel/CMakeFiles/kernel.dir/C_/Users/julie/Tools/pico-sdk/src/rp2_common/hardware_irq/irq.c.obj
                0x0000000010000548                irq_set_exclusive_handler
 .text.irq_remove_handler
                0x000000001000059c      0x188 kernel/CMakeFiles/kernel.dir/C_/Users/julie/Tools/pico-sdk/src/rp2_common/hardware_irq/irq.c.obj
                0x000000001000059c                irq_remove_handler
 .text.irq_add_tail_to_free_list
                0x0000000010000724       0xf0 kernel/CMakeFiles/kernel.dir/C_/Users/julie/Tools/pico-sdk/src/rp2_common/hardware_irq/irq.c.obj
                0x0000000010000724                irq_add_tail_to_free_list
 .text.irq_init_priorities
                0x0000000010000814       0x1c kernel/CMakeFiles/kernel.dir/C_/Users/julie/Tools/pico-sdk/src/rp2_common/hardware_irq/irq.c.obj
                0x0000000010000814                irq_init_priorities
 .text.lock_init
                0x0000000010000830       0x10 kernel/CMakeFiles/kernel.dir/C_/Users/julie/Tools/pico-sdk/src/common/pico_sync/lock_core.c.obj
                0x0000000010000830                lock_init
 .text.mutex_init
                0x0000000010000840       0x1a kernel/CMakeFiles/kernel.dir/C_/Users/julie/Tools/pico-sdk/src/common/pico_sync/mutex.c.obj
                0x0000000010000840                mutex_init
 .text.recursive_mutex_init
                0x000000001000085a       0x1e kernel/CMakeFiles/kernel.dir/C_/Users/julie/Tools/pico-sdk/src/common/pico_sync/mutex.c.obj
                0x000000001000085a                recursive_mutex_init
 .text.time_reached
                0x0000000010000878       0x28 kernel/CMakeFiles/kernel.dir/C_/Users/julie/Tools/pico-sdk/src/common/pico_time/time.c.obj
 .text.get_entry
                0x00000000100008a0       0x38 kernel/CMakeFiles/kernel.dir/C_/Users/julie/Tools/pico-sdk/src/common/pico_time/time.c.obj
 .text.timer_pool_entry_comparator
                0x00000000100008d8       0x2e kernel/CMakeFiles/kernel.dir/C_/Users/julie/Tools/pico-sdk/src/common/pico_time/time.c.obj
                0x00000000100008d8                timer_pool_entry_comparator
 *fill*         0x0000000010000906        0x2 
 .text.update_us_since_boot
                0x0000000010000908       0x24 kernel/CMakeFiles/kernel.dir/C_/Users/julie/Tools/pico-sdk/src/common/pico_time/time.c.obj
 .text.delayed_by_us
                0x000000001000092c       0x34 kernel/CMakeFiles/kernel.dir/C_/Users/julie/Tools/pico-sdk/src/common/pico_time/time.c.obj
 .text.ph_get_node
                0x0000000010000960       0x30 kernel/CMakeFiles/kernel.dir/C_/Users/julie/Tools/pico-sdk/src/common/pico_time/time.c.obj
 .text.ph_contains_node
                0x0000000010000990       0x1e kernel/CMakeFiles/kernel.dir/C_/Users/julie/Tools/pico-sdk/src/common/pico_time/time.c.obj
 .text.ph_new_node
                0x00000000100009ae       0x28 kernel/CMakeFiles/kernel.dir/C_/Users/julie/Tools/pico-sdk/src/common/pico_time/time.c.obj
 *fill*         0x00000000100009d6        0x2 
 .text.ph_add_child_node
                0x00000000100009d8       0x6c kernel/CMakeFiles/kernel.dir/C_/Users/julie/Tools/pico-sdk/src/common/pico_time/time.c.obj
 .text.ph_merge_nodes
                0x0000000010000a44       0x3e kernel/CMakeFiles/kernel.dir/C_/Users/julie/Tools/pico-sdk/src/common/pico_time/time.c.obj
 *fill*         0x0000000010000a82        0x2 
 .text.ph_insert_node
                0x0000000010000a84       0x3c kernel/CMakeFiles/kernel.dir/C_/Users/julie/Tools/pico-sdk/src/common/pico_time/time.c.obj
 .text.ph_free_node
                0x0000000010000ac0       0x5c kernel/CMakeFiles/kernel.dir/C_/Users/julie/Tools/pico-sdk/src/common/pico_time/time.c.obj
 .text.get_entry_id_high
                0x0000000010000b1c       0x30 kernel/CMakeFiles/kernel.dir/C_/Users/julie/Tools/pico-sdk/src/common/pico_time/time.c.obj
 .text.alarm_pool_post_alloc_init
                0x0000000010000b4c       0x40 kernel/CMakeFiles/kernel.dir/C_/Users/julie/Tools/pico-sdk/src/common/pico_time/time.c.obj
 .text.sleep_until_callback
                0x0000000010000b8c       0x30 kernel/CMakeFiles/kernel.dir/C_/Users/julie/Tools/pico-sdk/src/common/pico_time/time.c.obj
 .text.get_absolute_time
                0x0000000010000bbc       0x22 kernel/CMakeFiles/kernel.dir/C_/Users/julie/Tools/pico-sdk/src/common/pico_time/time.c.obj
 .text.make_timeout_time_us
                0x0000000010000bde       0x24 kernel/CMakeFiles/kernel.dir/C_/Users/julie/Tools/pico-sdk/src/common/pico_time/time.c.obj
 *fill*         0x0000000010000c02        0x2 
 .text.add_alarm_under_lock
                0x0000000010000c04       0x94 kernel/CMakeFiles/kernel.dir/C_/Users/julie/Tools/pico-sdk/src/common/pico_time/time.c.obj
 .text.alarm_pool_alarm_callback
                0x0000000010000c98      0x20c kernel/CMakeFiles/kernel.dir/C_/Users/julie/Tools/pico-sdk/src/common/pico_time/time.c.obj
 .text.alarm_pool_init_default
                0x0000000010000ea4       0x40 kernel/CMakeFiles/kernel.dir/C_/Users/julie/Tools/pico-sdk/src/common/pico_time/time.c.obj
                0x0000000010000ea4                alarm_pool_init_default
 .text.alarm_pool_get_default
                0x0000000010000ee4       0x2c kernel/CMakeFiles/kernel.dir/C_/Users/julie/Tools/pico-sdk/src/common/pico_time/time.c.obj
                0x0000000010000ee4                alarm_pool_get_default
 .text.alarm_pool_add_alarm_at
                0x0000000010000f10      0x10e kernel/CMakeFiles/kernel.dir/C_/Users/julie/Tools/pico-sdk/src/common/pico_time/time.c.obj
                0x0000000010000f10                alarm_pool_add_alarm_at
 .text.add_alarm_at
                0x000000001000101e       0x2e kernel/CMakeFiles/kernel.dir/C_/Users/julie/Tools/pico-sdk/src/common/pico_time/time.c.obj
 .text.alarm_pool_cancel_alarm
                0x000000001000104c       0xa0 kernel/CMakeFiles/kernel.dir/C_/Users/julie/Tools/pico-sdk/src/common/pico_time/time.c.obj
                0x000000001000104c                alarm_pool_cancel_alarm
 .text.cancel_alarm
                0x00000000100010ec       0x10 kernel/CMakeFiles/kernel.dir/C_/Users/julie/Tools/pico-sdk/src/common/pico_time/time.c.obj
 .text.sleep_until
                0x00000000100010fc       0xb0 kernel/CMakeFiles/kernel.dir/C_/Users/julie/Tools/pico-sdk/src/common/pico_time/time.c.obj
                0x00000000100010fc                sleep_until
 .text.sleep_us
                0x00000000100011ac       0x1a kernel/CMakeFiles/kernel.dir/C_/Users/julie/Tools/pico-sdk/src/common/pico_time/time.c.obj
                0x00000000100011ac                sleep_us
 .text.sleep_ms
                0x00000000100011c6       0x14 kernel/CMakeFiles/kernel.dir/C_/Users/julie/Tools/pico-sdk/src/common/pico_time/time.c.obj
                0x00000000100011c6                sleep_ms
 *fill*         0x00000000100011da        0x2 
 .text.best_effort_wfe_or_timeout
                0x00000000100011dc       0x44 kernel/CMakeFiles/kernel.dir/C_/Users/julie/Tools/pico-sdk/src/common/pico_time/time.c.obj
                0x00000000100011dc                best_effort_wfe_or_timeout
 .text.hardware_alarm_irq_handler
                0x0000000010001220       0x8c kernel/CMakeFiles/kernel.dir/C_/Users/julie/Tools/pico-sdk/src/rp2_common/hardware_timer/timer.c.obj
 .text.hardware_alarm_claim
                0x00000000100012ac       0x18 kernel/CMakeFiles/kernel.dir/C_/Users/julie/Tools/pico-sdk/src/rp2_common/hardware_timer/timer.c.obj
                0x00000000100012ac                hardware_alarm_claim
 .text.time_us_64
                0x00000000100012c4       0x18 kernel/CMakeFiles/kernel.dir/C_/Users/julie/Tools/pico-sdk/src/rp2_common/hardware_timer/timer.c.obj
                0x00000000100012c4                time_us_64
 .text.busy_wait_until
                0x00000000100012dc       0x28 kernel/CMakeFiles/kernel.dir/C_/Users/julie/Tools/pico-sdk/src/rp2_common/hardware_timer/timer.c.obj
                0x00000000100012dc                busy_wait_until
 .text.hardware_alarm_set_callback
                0x0000000010001304       0x90 kernel/CMakeFiles/kernel.dir/C_/Users/julie/Tools/pico-sdk/src/rp2_common/hardware_timer/timer.c.obj
                0x0000000010001304                hardware_alarm_set_callback
 .text.hardware_alarm_set_target
                0x0000000010001394       0xe8 kernel/CMakeFiles/kernel.dir/C_/Users/julie/Tools/pico-sdk/src/rp2_common/hardware_timer/timer.c.obj
                0x0000000010001394                hardware_alarm_set_target
 .text.hardware_alarm_cancel
                0x000000001000147c       0x40 kernel/CMakeFiles/kernel.dir/C_/Users/julie/Tools/pico-sdk/src/rp2_common/hardware_timer/timer.c.obj
                0x000000001000147c                hardware_alarm_cancel
 .text.ph_get_node
                0x00000000100014bc       0x30 kernel/CMakeFiles/kernel.dir/C_/Users/julie/Tools/pico-sdk/src/common/pico_util/pheap.c.obj
 .text.ph_add_child_node
                0x00000000100014ec       0x6c kernel/CMakeFiles/kernel.dir/C_/Users/julie/Tools/pico-sdk/src/common/pico_util/pheap.c.obj
 .text.ph_merge_nodes
                0x0000000010001558       0x3e kernel/CMakeFiles/kernel.dir/C_/Users/julie/Tools/pico-sdk/src/common/pico_util/pheap.c.obj
 .text.ph_clear
                0x0000000010001596       0x34 kernel/CMakeFiles/kernel.dir/C_/Users/julie/Tools/pico-sdk/src/common/pico_util/pheap.c.obj
                0x0000000010001596                ph_clear
 .text.ph_post_alloc_init
                0x00000000100015ca        0xe kernel/CMakeFiles/kernel.dir/C_/Users/julie/Tools/pico-sdk/src/common/pico_util/pheap.c.obj
                0x00000000100015ca                ph_post_alloc_init
 .text.ph_merge_two_pass
                0x00000000100015d8       0x5c kernel/CMakeFiles/kernel.dir/C_/Users/julie/Tools/pico-sdk/src/common/pico_util/pheap.c.obj
                0x00000000100015d8                ph_merge_two_pass
 .text.ph_remove_any_head
                0x0000000010001634       0xc0 kernel/CMakeFiles/kernel.dir/C_/Users/julie/Tools/pico-sdk/src/common/pico_util/pheap.c.obj
 .text.ph_remove_head
                0x00000000100016f4       0x14 kernel/CMakeFiles/kernel.dir/C_/Users/julie/Tools/pico-sdk/src/common/pico_util/pheap.c.obj
                0x00000000100016f4                ph_remove_head
 .text.ph_remove_and_free_node
                0x0000000010001708       0xa0 kernel/CMakeFiles/kernel.dir/C_/Users/julie/Tools/pico-sdk/src/common/pico_util/pheap.c.obj
                0x0000000010001708                ph_remove_and_free_node
 .text.clock_configure
                0x00000000100017a8      0x104 kernel/CMakeFiles/kernel.dir/C_/Users/julie/Tools/pico-sdk/src/rp2_common/hardware_clocks/clocks.c.obj
                0x00000000100017a8                clock_configure
 .text.clocks_init
                0x00000000100018ac      0x100 kernel/CMakeFiles/kernel.dir/C_/Users/julie/Tools/pico-sdk/src/rp2_common/hardware_clocks/clocks.c.obj
                0x00000000100018ac                clocks_init
 .text.pll_init
                0x00000000100019ac      0x12c kernel/CMakeFiles/kernel.dir/C_/Users/julie/Tools/pico-sdk/src/rp2_common/hardware_pll/pll.c.obj
                0x00000000100019ac                pll_init
 .text.watchdog_start_tick
                0x0000000010001ad8       0x10 kernel/CMakeFiles/kernel.dir/C_/Users/julie/Tools/pico-sdk/src/rp2_common/hardware_watchdog/watchdog.c.obj
                0x0000000010001ad8                watchdog_start_tick
 .text.xosc_init
                0x0000000010001ae8       0x28 kernel/CMakeFiles/kernel.dir/C_/Users/julie/Tools/pico-sdk/src/rp2_common/hardware_xosc/xosc.c.obj
                0x0000000010001ae8                xosc_init
 .text._exit    0x0000000010001b10        0x4 kernel/CMakeFiles/kernel.dir/C_/Users/julie/Tools/pico-sdk/src/rp2_common/pico_runtime/runtime.c.obj
                0x0000000010001b10                _exit
 .text.exit     0x0000000010001b14        0x6 kernel/CMakeFiles/kernel.dir/C_/Users/julie/Tools/pico-sdk/src/rp2_common/pico_runtime/runtime.c.obj
                0x0000000010001b14                exit
 *fill*         0x0000000010001b1a        0x2 
 .text.__assert_func
                0x0000000010001b1c       0x38 kernel/CMakeFiles/kernel.dir/C_/Users/julie/Tools/pico-sdk/src/rp2_common/pico_runtime/runtime.c.obj
                0x0000000010001b1c                __assert_func
 .text.runtime_init
                0x0000000010001b54       0xf8 kernel/CMakeFiles/kernel.dir/C_/Users/julie/Tools/pico-sdk/src/rp2_common/pico_runtime/runtime.c.obj
                0x0000000010001b54                runtime_init
 .text.panic    0x0000000010001c4c       0x30 kernel/CMakeFiles/kernel.dir/C_/Users/julie/Tools/pico-sdk/src/rp2_common/pico_runtime/runtime.c.obj
                0x0000000010001c4c                panic
 .text._out_null
                0x0000000010001c7c        0x2 kernel/CMakeFiles/kernel.dir/C_/Users/julie/Tools/pico-sdk/src/rp2_common/pico_printf/printf.c.obj
 .text._out_fct
                0x0000000010001c7e        0xe kernel/CMakeFiles/kernel.dir/C_/Users/julie/Tools/pico-sdk/src/rp2_common/pico_printf/printf.c.obj
 .text._atoi    0x0000000010001c8c       0x24 kernel/CMakeFiles/kernel.dir/C_/Users/julie/Tools/pico-sdk/src/rp2_common/pico_printf/printf.c.obj
 .text._out_rev
                0x0000000010001cb0       0xae kernel/CMakeFiles/kernel.dir/C_/Users/julie/Tools/pico-sdk/src/rp2_common/pico_printf/printf.c.obj
 .text._ntoa_format
                0x0000000010001d5e      0x110 kernel/CMakeFiles/kernel.dir/C_/Users/julie/Tools/pico-sdk/src/rp2_common/pico_printf/printf.c.obj
 .text._ntoa_long
                0x0000000010001e6e       0xbc kernel/CMakeFiles/kernel.dir/C_/Users/julie/Tools/pico-sdk/src/rp2_common/pico_printf/printf.c.obj
 .text._ntoa_long_long
                0x0000000010001f2a      0x10e kernel/CMakeFiles/kernel.dir/C_/Users/julie/Tools/pico-sdk/src/rp2_common/pico_printf/printf.c.obj
 .text._etoa    0x0000000010002038      0x420 kernel/CMakeFiles/kernel.dir/C_/Users/julie/Tools/pico-sdk/src/rp2_common/pico_printf/printf.c.obj
 .text._ftoa    0x0000000010002458      0x354 kernel/CMakeFiles/kernel.dir/C_/Users/julie/Tools/pico-sdk/src/rp2_common/pico_printf/printf.c.obj
 .text._vsnprintf
                0x00000000100027ac      0x65c kernel/CMakeFiles/kernel.dir/C_/Users/julie/Tools/pico-sdk/src/rp2_common/pico_printf/printf.c.obj
 .text.vfctprintf
                0x0000000010002e08       0x20 kernel/CMakeFiles/kernel.dir/C_/Users/julie/Tools/pico-sdk/src/rp2_common/pico_printf/printf.c.obj
                0x0000000010002e08                vfctprintf
 .text          0x0000000010002e28       0x10 kernel/CMakeFiles/kernel.dir/C_/Users/julie/Tools/pico-sdk/src/rp2_common/pico_bit_ops/bit_ops_aeabi.S.obj
 .text.rom_func_lookup
                0x0000000010002e38       0x10 kernel/CMakeFiles/kernel.dir/C_/Users/julie/Tools/pico-sdk/src/rp2_common/pico_bootrom/bootrom.c.obj
                0x0000000010002e38                rom_func_lookup
 .text.rom_data_lookup
                0x0000000010002e48       0x10 kernel/CMakeFiles/kernel.dir/C_/Users/julie/Tools/pico-sdk/src/rp2_common/pico_bootrom/bootrom.c.obj
                0x0000000010002e48                rom_data_lookup
 .text.rom_funcs_lookup
                0x0000000010002e58       0x36 kernel/CMakeFiles/kernel.dir/C_/Users/julie/Tools/pico-sdk/src/rp2_common/pico_bootrom/bootrom.c.obj
                0x0000000010002e58                rom_funcs_lookup
 *fill*         0x0000000010002e8e        0x2 
 .text.__wrap___aeabi_idiv
                0x0000000010002e90       0x50 kernel/CMakeFiles/kernel.dir/C_/Users/julie/Tools/pico-sdk/src/rp2_common/pico_divider/divider.S.obj
                0x0000000010002e90                __wrap___aeabi_idivmod
                0x0000000010002e90                divmod_s32s32
                0x0000000010002e90                div_s32s32
                0x0000000010002e90                __wrap___aeabi_idiv
                0x0000000010002e98                divmod_s32s32_unsafe
                0x0000000010002ec4                divmod_s32s32_savestate
 .text.__wrap___aeabi_uidiv
                0x0000000010002ee0       0x4c kernel/CMakeFiles/kernel.dir/C_/Users/julie/Tools/pico-sdk/src/rp2_common/pico_divider/divider.S.obj
                0x0000000010002ee0                __wrap___aeabi_uidiv
                0x0000000010002ee0                __wrap___aeabi_uidivmod
                0x0000000010002ee0                div_u32u32
                0x0000000010002ee0                divmod_u32u32
                0x0000000010002ee8                divmod_u32u32_unsafe
                0x0000000010002f10                divmod_u32u32_savestate
 .text.__wrap___aeabi_ldiv
                0x0000000010002f2c      0x424 kernel/CMakeFiles/kernel.dir/C_/Users/julie/Tools/pico-sdk/src/rp2_common/pico_divider/divider.S.obj
                0x0000000010002f2c                div_s64s64
                0x0000000010002f2c                divmod_s64s64
                0x0000000010002f2c                __wrap___aeabi_ldivmod
                0x0000000010002f5c                divmod_u64u64
                0x0000000010002f5c                div_u64u64
                0x0000000010002f5c                __wrap___aeabi_uldivmod
                0x0000000010002f6c                divmod_u64u64_savestate
                0x0000000010002f8c                divmod_s64s64_unsafe
                0x0000000010003014                divmod_u64u64_unsafe
 .text.__wrap___aeabi_darithmetic
                0x0000000010003350       0x80 kernel/CMakeFiles/kernel.dir/C_/Users/julie/Tools/pico-sdk/src/rp2_common/pico_double/double_aeabi.S.obj
                0x0000000010003350                __wrap___aeabi_drsub
                0x0000000010003356                __wrap___aeabi_dsub
                0x0000000010003368                __wrap___aeabi_dadd
                0x000000001000337a                __wrap___aeabi_ddiv
                0x00000000100033b6                __wrap___aeabi_dmul
 .text.__wrap___aeabi_cdcmple
                0x00000000100033d0       0x6c kernel/CMakeFiles/kernel.dir/C_/Users/julie/Tools/pico-sdk/src/rp2_common/pico_double/double_aeabi.S.obj
                0x00000000100033d0                __wrap___aeabi_cdrcmple
                0x00000000100033e0                __wrap___aeabi_cdcmpeq
                0x00000000100033e0                __wrap___aeabi_cdcmple
 .text.__wrap___aeabi_dcmplt
                0x000000001000343c        0xc kernel/CMakeFiles/kernel.dir/C_/Users/julie/Tools/pico-sdk/src/rp2_common/pico_double/double_aeabi.S.obj
                0x000000001000343c                __wrap___aeabi_dcmplt
 .text.__wrap___aeabi_dcmple
                0x0000000010003448       0x10 kernel/CMakeFiles/kernel.dir/C_/Users/julie/Tools/pico-sdk/src/rp2_common/pico_double/double_aeabi.S.obj
                0x0000000010003448                __wrap___aeabi_dcmple
 .text.__wrap___aeabi_dcmpge
                0x0000000010003458       0x10 kernel/CMakeFiles/kernel.dir/C_/Users/julie/Tools/pico-sdk/src/rp2_common/pico_double/double_aeabi.S.obj
                0x0000000010003458                __wrap___aeabi_dcmpge
 .text.__wrap___aeabi_dcmpgt
                0x0000000010003468        0xa kernel/CMakeFiles/kernel.dir/C_/Users/julie/Tools/pico-sdk/src/rp2_common/pico_double/double_aeabi.S.obj
                0x0000000010003468                __wrap___aeabi_dcmpgt
 .text.__wrap___aeabi_dcmpun
                0x0000000010003472       0x1c kernel/CMakeFiles/kernel.dir/C_/Users/julie/Tools/pico-sdk/src/rp2_common/pico_double/double_aeabi.S.obj
                0x0000000010003472                __wrap___aeabi_dcmpun
 *fill*         0x000000001000348e        0x2 
 .text.__wrap___aeabi_i2d
                0x0000000010003490       0x38 kernel/CMakeFiles/kernel.dir/C_/Users/julie/Tools/pico-sdk/src/rp2_common/pico_double/double_aeabi.S.obj
                0x0000000010003490                __wrap___aeabi_ui2d
                0x0000000010003498                __wrap___aeabi_i2d
 .text.__wrap___aeabi_d2iz
                0x00000000100034c8       0x48 kernel/CMakeFiles/kernel.dir/C_/Users/julie/Tools/pico-sdk/src/rp2_common/pico_double/double_aeabi.S.obj
                0x00000000100034c8                double2int_z
                0x00000000100034c8                __wrap___aeabi_d2iz
 .text.__wrap___aeabi_d2uiz
                0x0000000010003510       0x18 kernel/CMakeFiles/kernel.dir/C_/Users/julie/Tools/pico-sdk/src/rp2_common/pico_double/double_aeabi.S.obj
                0x0000000010003510                __wrap___aeabi_d2uiz
                0x0000000010003510                double2uint
 .text.__aeabi_double_init
                0x0000000010003528       0xcc kernel/CMakeFiles/kernel.dir/C_/Users/julie/Tools/pico-sdk/src/rp2_common/pico_double/double_init_rom.c.obj
                0x0000000010003528                __aeabi_double_init
 .text.double_table_shim_on_use_helper
                0x00000000100035f4       0x34 kernel/CMakeFiles/kernel.dir/C_/Users/julie/Tools/pico-sdk/src/rp2_common/pico_double/double_v1_rom_shim.S.obj
                0x00000000100035f4                double_table_shim_on_use_helper
 .text.__wrap___aeabi_dsub
                0x0000000010003628       0x10 kernel/CMakeFiles/kernel.dir/C_/Users/julie/Tools/pico-sdk/src/rp2_common/pico_double/double_v1_rom_shim.S.obj
                0x0000000010003628                drsub_shim
                0x000000001000362e                dsub_shim
 .text.dadd_shim
                0x0000000010003638      0x15c kernel/CMakeFiles/kernel.dir/C_/Users/julie/Tools/pico-sdk/src/rp2_common/pico_double/double_v1_rom_shim.S.obj
                0x0000000010003638                dadd_shim
 .text.dmul_shim
                0x0000000010003794      0x15c kernel/CMakeFiles/kernel.dir/C_/Users/julie/Tools/pico-sdk/src/rp2_common/pico_double/double_v1_rom_shim.S.obj
                0x0000000010003794                dmul_shim
 .text.ddiv_shim
                0x00000000100038f0      0x1b0 kernel/CMakeFiles/kernel.dir/C_/Users/julie/Tools/pico-sdk/src/rp2_common/pico_double/double_v1_rom_shim.S.obj
                0x00000000100038f0                ddiv_shim
 .text.double2uint_shim
                0x0000000010003aa0        0xe kernel/CMakeFiles/kernel.dir/C_/Users/julie/Tools/pico-sdk/src/rp2_common/pico_double/double_v1_rom_shim.S.obj
                0x0000000010003aa0                double2uint_shim
                0x0000000010003aa2                double2ufix_shim
 *fill*         0x0000000010003aae        0x2 
 .text.double2uint64_shim
                0x0000000010003ab0       0x70 kernel/CMakeFiles/kernel.dir/C_/Users/julie/Tools/pico-sdk/src/rp2_common/pico_double/double_v1_rom_shim.S.obj
                0x0000000010003ab0                double2uint64_shim
                0x0000000010003ab2                double2ufix64_shim
                0x0000000010003ad2                d2fix_a
 .text.dunpacks
                0x0000000010003b20       0x3c kernel/CMakeFiles/kernel.dir/C_/Users/julie/Tools/pico-sdk/src/rp2_common/pico_double/double_v1_rom_shim.S.obj
                0x0000000010003b20                dunpacks
 .text.__aeabi_lmul
                0x0000000010003b5c       0x32 kernel/CMakeFiles/kernel.dir/C_/Users/julie/Tools/pico-sdk/src/rp2_common/pico_int64_ops/pico_int64_ops_aeabi.S.obj
                0x0000000010003b5c                __wrap___aeabi_lmul
 *fill*         0x0000000010003b8e        0x2 
 .text.__aeabi_float_init
                0x0000000010003b90       0xfc kernel/CMakeFiles/kernel.dir/C_/Users/julie/Tools/pico-sdk/src/rp2_common/pico_float/float_init_rom.c.obj
                0x0000000010003b90                __aeabi_float_init
 .text.float_table_shim_on_use_helper
                0x0000000010003c8c       0x34 kernel/CMakeFiles/kernel.dir/C_/Users/julie/Tools/pico-sdk/src/rp2_common/pico_float/float_v1_rom_shim.S.obj
                0x0000000010003c8c                float_table_shim_on_use_helper
 .text          0x0000000010003cc0       0x10 kernel/CMakeFiles/kernel.dir/C_/Users/julie/Tools/pico-sdk/src/rp2_common/pico_mem_ops/mem_ops_aeabi.S.obj
                0x0000000010003cc0                __aeabi_mem_init
 .text.memcpy   0x0000000010003cd0        0xc kernel/CMakeFiles/kernel.dir/C_/Users/julie/Tools/pico-sdk/src/rp2_common/pico_mem_ops/mem_ops_aeabi.S.obj
                0x0000000010003cd0                __wrap_memcpy
                0x0000000010003cd0                __wrap___aeabi_memcpy
 .text.stdio_out_chars_no_crlf
                0x0000000010003cdc        0xe kernel/CMakeFiles/kernel.dir/C_/Users/julie/Tools/pico-sdk/src/rp2_common/pico_stdio/stdio.c.obj
 *fill*         0x0000000010003cea        0x2 
 .text.stdio_out_chars_crlf
                0x0000000010003cec       0x80 kernel/CMakeFiles/kernel.dir/C_/Users/julie/Tools/pico-sdk/src/rp2_common/pico_stdio/stdio.c.obj
 .text.stdio_stack_buffer_flush
                0x0000000010003d6c       0x44 kernel/CMakeFiles/kernel.dir/C_/Users/julie/Tools/pico-sdk/src/rp2_common/pico_stdio/stdio.c.obj
 .text.stdio_buffered_printer
                0x0000000010003db0       0x20 kernel/CMakeFiles/kernel.dir/C_/Users/julie/Tools/pico-sdk/src/rp2_common/pico_stdio/stdio.c.obj
 .text.update_us_since_boot
                0x0000000010003dd0       0x24 kernel/CMakeFiles/kernel.dir/C_/Users/julie/Tools/pico-sdk/src/rp2_common/pico_stdio/stdio.c.obj
 .text.get_absolute_time
                0x0000000010003df4       0x22 kernel/CMakeFiles/kernel.dir/C_/Users/julie/Tools/pico-sdk/src/rp2_common/pico_stdio/stdio.c.obj
 *fill*         0x0000000010003e16        0x2 
 .text.delayed_by_ms
                0x0000000010003e18       0x44 kernel/CMakeFiles/kernel.dir/C_/Users/julie/Tools/pico-sdk/src/rp2_common/pico_stdio/stdio.c.obj
 .text.make_timeout_time_ms
                0x0000000010003e5c       0x20 kernel/CMakeFiles/kernel.dir/C_/Users/julie/Tools/pico-sdk/src/rp2_common/pico_stdio/stdio.c.obj
 .text.stdout_serialize_begin
                0x0000000010003e7c       0x20 kernel/CMakeFiles/kernel.dir/C_/Users/julie/Tools/pico-sdk/src/rp2_common/pico_stdio/stdio.c.obj
                0x0000000010003e7c                stdout_serialize_begin
 .text.stdout_serialize_end
                0x0000000010003e9c       0x10 kernel/CMakeFiles/kernel.dir/C_/Users/julie/Tools/pico-sdk/src/rp2_common/pico_stdio/stdio.c.obj
                0x0000000010003e9c                stdout_serialize_end
 .text.stdio_put_string
                0x0000000010003eac       0x98 kernel/CMakeFiles/kernel.dir/C_/Users/julie/Tools/pico-sdk/src/rp2_common/pico_stdio/stdio.c.obj
 .text.stdio_flush
                0x0000000010003f44       0x20 kernel/CMakeFiles/kernel.dir/C_/Users/julie/Tools/pico-sdk/src/rp2_common/pico_stdio/stdio.c.obj
                0x0000000010003f44                stdio_flush
 .text.__wrap_puts
                0x0000000010003f64       0x1e kernel/CMakeFiles/kernel.dir/C_/Users/julie/Tools/pico-sdk/src/rp2_common/pico_stdio/stdio.c.obj
                0x0000000010003f64                __wrap_puts
 .text.puts_raw
                0x0000000010003f82       0x1e kernel/CMakeFiles/kernel.dir/C_/Users/julie/Tools/pico-sdk/src/rp2_common/pico_stdio/stdio.c.obj
                0x0000000010003f82                puts_raw
 .text.__wrap_vprintf
                0x0000000010003fa0       0x40 kernel/CMakeFiles/kernel.dir/C_/Users/julie/Tools/pico-sdk/src/rp2_common/pico_stdio/stdio.c.obj
                0x0000000010003fa0                __wrap_vprintf
 .text.__wrap_printf
                0x0000000010003fe0       0x18 kernel/CMakeFiles/kernel.dir/C_/Users/julie/Tools/pico-sdk/src/rp2_common/pico_stdio/stdio.c.obj
                0x0000000010003fe0                __wrap_printf
 .text          0x0000000010003ff8       0x10 f:/scoop/apps/msys2/current/mingw64/bin/../lib/gcc/arm-none-eabi/12.2.0/../../../../arm-none-eabi/lib/thumb/v6-m/nofp\libg.a(lib_a-atexit.o)
                0x0000000010003ff8                atexit
 .text          0x0000000010004008       0x28 f:/scoop/apps/msys2/current/mingw64/bin/../lib/gcc/arm-none-eabi/12.2.0/../../../../arm-none-eabi/lib/thumb/v6-m/nofp\libg.a(lib_a-fini.o)
                0x0000000010004008                __libc_fini_array
 .text          0x0000000010004030       0x5c f:/scoop/apps/msys2/current/mingw64/bin/../lib/gcc/arm-none-eabi/12.2.0/../../../../arm-none-eabi/lib/thumb/v6-m/nofp\libg.a(lib_a-strlen-stub.o)
                0x0000000010004030                strlen
 .text          0x000000001000408c       0xb0 f:/scoop/apps/msys2/current/mingw64/bin/../lib/gcc/arm-none-eabi/12.2.0/../../../../arm-none-eabi/lib/thumb/v6-m/nofp\libg.a(lib_a-__atexit.o)
                0x000000001000408c                __register_exitproc
 .text.startup  0x000000001000413c       0x18 f:/scoop/apps/msys2/current/mingw64/bin/../lib/gcc/arm-none-eabi/12.2.0/../../../../arm-none-eabi/lib/thumb/v6-m/nofp\libg.a(lib_a-__call_atexit.o)
 .text          0x0000000010004154       0x28 f:/scoop/apps/msys2/current/mingw64/bin/../lib/gcc/arm-none-eabi/12.2.0/../../../../arm-none-eabi/lib/thumb/v6-m/nofp\libg.a(lib_a-lock.o)
                0x0000000010004154                __retarget_lock_init
                0x0000000010004158                __retarget_lock_init_recursive
                0x000000001000415c                __retarget_lock_close
                0x0000000010004160                __retarget_lock_close_recursive
                0x0000000010004164                __retarget_lock_acquire
                0x0000000010004168                __retarget_lock_acquire_recursive
                0x000000001000416c                __retarget_lock_try_acquire
                0x0000000010004170                __retarget_lock_try_acquire_recursive
                0x0000000010004174                __retarget_lock_release
                0x0000000010004178                __retarget_lock_release_recursive
 *(.fini)
 .fini          0x000000001000417c        0x4 f:/scoop/apps/msys2/current/mingw64/bin/../lib/gcc/arm-none-eabi/12.2.0/thumb/v6-m/nofp/crti.o
                0x000000001000417c                _fini
 .fini.__stub   0x0000000010004180       0x40 linker stubs
 *crtbegin.o(.ctors)
 *crtbegin?.o(.ctors)
 *(EXCLUDE_FILE(*crtend.o *crtend?.o) .ctors)
 *(SORT_BY_NAME(.ctors.*))
 *(.ctors)
 *crtbegin.o(.dtors)
 *crtbegin?.o(.dtors)
 *(EXCLUDE_FILE(*crtend.o *crtend?.o) .dtors)
 *(SORT_BY_NAME(.dtors.*))
 *(.dtors)
 *(.eh_frame*)
 .eh_frame      0x00000000100041c0        0x0 f:/scoop/apps/msys2/current/mingw64/bin/../lib/gcc/arm-none-eabi/12.2.0/thumb/v6-m/nofp/crtbegin.o
                0x00000000100041c0                . = ALIGN (0x4)

.glue_7         0x00000000100041c0        0x0
 .glue_7        0x00000000100041c0        0x0 linker stubs

.glue_7t        0x00000000100041c0        0x0
 .glue_7t       0x00000000100041c0        0x0 linker stubs

.vfp11_veneer   0x00000000100041c0        0x0
 .vfp11_veneer  0x00000000100041c0        0x0 linker stubs

.v4_bx          0x00000000100041c0        0x0
 .v4_bx         0x00000000100041c0        0x0 linker stubs

.iplt           0x00000000100041c0        0x0
 .iplt          0x00000000100041c0        0x0 f:/scoop/apps/msys2/current/mingw64/bin/../lib/gcc/arm-none-eabi/12.2.0/thumb/v6-m/nofp/crtbegin.o

.rodata         0x00000000100041c0      0xe58
 *(EXCLUDE_FILE(*libm.a: *libc.a:*lib_a-mem*.o *libgcc.a:) .rodata*)
 .rodata.main.str1.4
                0x00000000100041c0        0xf kernel/CMakeFiles/kernel.dir/main.c.obj
 *fill*         0x00000000100041cf        0x1 
 .rodata.resolve_branch.str1.4
                0x00000000100041d0       0x58 kernel/CMakeFiles/kernel.dir/C_/Users/julie/Tools/pico-sdk/src/rp2_common/hardware_irq/irq.c.obj
 .rodata.make_branch.str1.4
                0x0000000010004228       0x30 kernel/CMakeFiles/kernel.dir/C_/Users/julie/Tools/pico-sdk/src/rp2_common/hardware_irq/irq.c.obj
 .rodata.insert_branch_and_link.str1.4
                0x0000000010004258       0x10 kernel/CMakeFiles/kernel.dir/C_/Users/julie/Tools/pico-sdk/src/rp2_common/hardware_irq/irq.c.obj
 .rodata.irq_set_exclusive_handler.str1.4
                0x0000000010004268       0x36 kernel/CMakeFiles/kernel.dir/C_/Users/julie/Tools/pico-sdk/src/rp2_common/hardware_irq/irq.c.obj
 *fill*         0x000000001000429e        0x2 
 .rodata.irq_remove_handler.str1.4
                0x00000000100042a0       0x3a kernel/CMakeFiles/kernel.dir/C_/Users/julie/Tools/pico-sdk/src/rp2_common/hardware_irq/irq.c.obj
 *fill*         0x00000000100042da        0x2 
 .rodata.irq_add_tail_to_free_list.str1.4
                0x00000000100042dc       0x3a kernel/CMakeFiles/kernel.dir/C_/Users/julie/Tools/pico-sdk/src/rp2_common/hardware_irq/irq.c.obj
 *fill*         0x0000000010004316        0x2 
 .rodata.__func__.0
                0x0000000010004318       0x1a kernel/CMakeFiles/kernel.dir/C_/Users/julie/Tools/pico-sdk/src/rp2_common/hardware_irq/irq.c.obj
 *fill*         0x0000000010004332        0x2 
 .rodata.__func__.1
                0x0000000010004334       0x17 kernel/CMakeFiles/kernel.dir/C_/Users/julie/Tools/pico-sdk/src/rp2_common/hardware_irq/irq.c.obj
 *fill*         0x000000001000434b        0x1 
 .rodata.__func__.2
                0x000000001000434c       0x13 kernel/CMakeFiles/kernel.dir/C_/Users/julie/Tools/pico-sdk/src/rp2_common/hardware_irq/irq.c.obj
 *fill*         0x000000001000435f        0x1 
 .rodata.__func__.3
                0x0000000010004360        0xc kernel/CMakeFiles/kernel.dir/C_/Users/julie/Tools/pico-sdk/src/rp2_common/hardware_irq/irq.c.obj
 .rodata.__func__.4
                0x000000001000436c        0xf kernel/CMakeFiles/kernel.dir/C_/Users/julie/Tools/pico-sdk/src/rp2_common/hardware_irq/irq.c.obj
 *fill*         0x000000001000437b        0x1 
 .rodata.__func__.6
                0x000000001000437c       0x1a kernel/CMakeFiles/kernel.dir/C_/Users/julie/Tools/pico-sdk/src/rp2_common/hardware_irq/irq.c.obj
 *fill*         0x0000000010004396        0x2 
 .rodata.str1.4
                0x0000000010004398       0x8d kernel/CMakeFiles/kernel.dir/C_/Users/julie/Tools/pico-sdk/src/common/pico_sync/mutex.c.obj
 *fill*         0x0000000010004425        0x3 
 .rodata.__func__.1
                0x0000000010004428        0xb kernel/CMakeFiles/kernel.dir/C_/Users/julie/Tools/pico-sdk/src/common/pico_sync/mutex.c.obj
 *fill*         0x0000000010004433        0x1 
 .rodata.__func__.3
                0x0000000010004434       0x18 kernel/CMakeFiles/kernel.dir/C_/Users/julie/Tools/pico-sdk/src/common/pico_sync/mutex.c.obj
 .rodata.get_entry.str1.4
                0x000000001000444c       0x5e kernel/CMakeFiles/kernel.dir/C_/Users/julie/Tools/pico-sdk/src/common/pico_time/time.c.obj
 *fill*         0x00000000100044aa        0x2 
 .rodata.update_us_since_boot.str1.4
                0x00000000100044ac       0x64 kernel/CMakeFiles/kernel.dir/C_/Users/julie/Tools/pico-sdk/src/common/pico_time/time.c.obj
 .rodata.ph_get_node.str1.4
                0x0000000010004510       0x69 kernel/CMakeFiles/kernel.dir/C_/Users/julie/Tools/pico-sdk/src/common/pico_time/time.c.obj
 *fill*         0x0000000010004579        0x3 
 .rodata.ph_add_child_node.str1.4
                0x000000001000457c       0x2e kernel/CMakeFiles/kernel.dir/C_/Users/julie/Tools/pico-sdk/src/common/pico_time/time.c.obj
 *fill*         0x00000000100045aa        0x2 
 .rodata.ph_insert_node.str1.4
                0x00000000100045ac        0x3 kernel/CMakeFiles/kernel.dir/C_/Users/julie/Tools/pico-sdk/src/common/pico_time/time.c.obj
 *fill*         0x00000000100045af        0x1 
 .rodata.ph_free_node.str1.4
                0x00000000100045b0       0x38 kernel/CMakeFiles/kernel.dir/C_/Users/julie/Tools/pico-sdk/src/common/pico_time/time.c.obj
 .rodata.add_alarm_under_lock.str1.4
                0x00000000100045e8       0x28 kernel/CMakeFiles/kernel.dir/C_/Users/julie/Tools/pico-sdk/src/common/pico_time/time.c.obj
 .rodata.alarm_pool_alarm_callback.str1.4
                0x0000000010004610       0x60 kernel/CMakeFiles/kernel.dir/C_/Users/julie/Tools/pico-sdk/src/common/pico_time/time.c.obj
 .rodata.alarm_pool_get_default.str1.4
                0x0000000010004670       0x21 kernel/CMakeFiles/kernel.dir/C_/Users/julie/Tools/pico-sdk/src/common/pico_time/time.c.obj
 *fill*         0x0000000010004691        0x3 
 .rodata.alarm_pool_cancel_alarm.str1.4
                0x0000000010004694       0x27 kernel/CMakeFiles/kernel.dir/C_/Users/julie/Tools/pico-sdk/src/common/pico_time/time.c.obj
 *fill*         0x00000000100046bb        0x1 
 .rodata.sleep_until.str1.4
                0x00000000100046bc       0x4d kernel/CMakeFiles/kernel.dir/C_/Users/julie/Tools/pico-sdk/src/common/pico_time/time.c.obj
 *fill*         0x0000000010004709        0x3 
 .rodata.__func__.1
                0x000000001000470c       0x18 kernel/CMakeFiles/kernel.dir/C_/Users/julie/Tools/pico-sdk/src/common/pico_time/time.c.obj
 .rodata.__func__.3
                0x0000000010004724       0x17 kernel/CMakeFiles/kernel.dir/C_/Users/julie/Tools/pico-sdk/src/common/pico_time/time.c.obj
 *fill*         0x000000001000473b        0x1 
 .rodata.__func__.4
                0x000000001000473c       0x12 kernel/CMakeFiles/kernel.dir/C_/Users/julie/Tools/pico-sdk/src/common/pico_time/time.c.obj
 *fill*         0x000000001000474e        0x2 
 .rodata.__func__.5
                0x0000000010004750        0xd kernel/CMakeFiles/kernel.dir/C_/Users/julie/Tools/pico-sdk/src/common/pico_time/time.c.obj
 *fill*         0x000000001000475d        0x3 
 .rodata.__func__.6
                0x0000000010004760       0x12 kernel/CMakeFiles/kernel.dir/C_/Users/julie/Tools/pico-sdk/src/common/pico_time/time.c.obj
 *fill*         0x0000000010004772        0x2 
 .rodata.__func__.7
                0x0000000010004774        0xf kernel/CMakeFiles/kernel.dir/C_/Users/julie/Tools/pico-sdk/src/common/pico_time/time.c.obj
 *fill*         0x0000000010004783        0x1 
 .rodata.__func__.8
                0x0000000010004784        0xc kernel/CMakeFiles/kernel.dir/C_/Users/julie/Tools/pico-sdk/src/common/pico_time/time.c.obj
 .rodata.__func__.9
                0x0000000010004790       0x15 kernel/CMakeFiles/kernel.dir/C_/Users/julie/Tools/pico-sdk/src/common/pico_time/time.c.obj
 *fill*         0x00000000100047a5        0x3 
 .rodata.__func__.10
                0x00000000100047a8       0x15 kernel/CMakeFiles/kernel.dir/C_/Users/julie/Tools/pico-sdk/src/common/pico_time/time.c.obj
 *fill*         0x00000000100047bd        0x3 
 .rodata.__func__.11
                0x00000000100047c0       0x1a kernel/CMakeFiles/kernel.dir/C_/Users/julie/Tools/pico-sdk/src/common/pico_time/time.c.obj
 *fill*         0x00000000100047da        0x2 
 .rodata.__func__.12
                0x00000000100047dc        0xa kernel/CMakeFiles/kernel.dir/C_/Users/julie/Tools/pico-sdk/src/common/pico_time/time.c.obj
 *fill*         0x00000000100047e6        0x2 
 .rodata.hardware_alarm_claim.str1.4
                0x00000000100047e8       0x22 kernel/CMakeFiles/kernel.dir/C_/Users/julie/Tools/pico-sdk/src/rp2_common/hardware_timer/timer.c.obj
 *fill*         0x000000001000480a        0x2 
 .rodata.hardware_alarm_set_target.str1.4
                0x000000001000480c       0x68 kernel/CMakeFiles/kernel.dir/C_/Users/julie/Tools/pico-sdk/src/rp2_common/hardware_timer/timer.c.obj
 .rodata.__func__.0
                0x0000000010004874       0x1a kernel/CMakeFiles/kernel.dir/C_/Users/julie/Tools/pico-sdk/src/rp2_common/hardware_timer/timer.c.obj
 .rodata.ph_get_node.str1.4
                0x000000001000488e       0x69 kernel/CMakeFiles/kernel.dir/C_/Users/julie/Tools/pico-sdk/src/common/pico_util/pheap.c.obj
 .rodata.ph_add_child_node.str1.4
                0x000000001000488e       0x2e kernel/CMakeFiles/kernel.dir/C_/Users/julie/Tools/pico-sdk/src/common/pico_util/pheap.c.obj
 *fill*         0x000000001000488e        0x2 
 .rodata.ph_remove_any_head.str1.4
                0x0000000010004890       0x90 kernel/CMakeFiles/kernel.dir/C_/Users/julie/Tools/pico-sdk/src/common/pico_util/pheap.c.obj
                                         0xa4 (size before relaxing)
 .rodata.ph_remove_and_free_node.str1.4
                0x0000000010004920       0x1e kernel/CMakeFiles/kernel.dir/C_/Users/julie/Tools/pico-sdk/src/common/pico_util/pheap.c.obj
                                         0x26 (size before relaxing)
 *fill*         0x000000001000493e        0x2 
 .rodata.__func__.0
                0x0000000010004940       0x18 kernel/CMakeFiles/kernel.dir/C_/Users/julie/Tools/pico-sdk/src/common/pico_util/pheap.c.obj
 .rodata.__func__.1
                0x0000000010004958       0x13 kernel/CMakeFiles/kernel.dir/C_/Users/julie/Tools/pico-sdk/src/common/pico_util/pheap.c.obj
 *fill*         0x000000001000496b        0x1 
 .rodata.__func__.2
                0x000000001000496c       0x12 kernel/CMakeFiles/kernel.dir/C_/Users/julie/Tools/pico-sdk/src/common/pico_util/pheap.c.obj
 *fill*         0x000000001000497e        0x2 
 .rodata.__func__.3
                0x0000000010004980        0xc kernel/CMakeFiles/kernel.dir/C_/Users/julie/Tools/pico-sdk/src/common/pico_util/pheap.c.obj
 .rodata.clock_configure.str1.4
                0x000000001000498c       0x5a kernel/CMakeFiles/kernel.dir/C_/Users/julie/Tools/pico-sdk/src/rp2_common/hardware_clocks/clocks.c.obj
 *fill*         0x00000000100049e6        0x2 
 .rodata.__func__.1
                0x00000000100049e8       0x10 kernel/CMakeFiles/kernel.dir/C_/Users/julie/Tools/pico-sdk/src/rp2_common/hardware_clocks/clocks.c.obj
 .rodata.pll_init.str1.4
                0x00000000100049f8      0x123 kernel/CMakeFiles/kernel.dir/C_/Users/julie/Tools/pico-sdk/src/rp2_common/hardware_pll/pll.c.obj
 *fill*         0x0000000010004b1b        0x1 
 .rodata.__func__.0
                0x0000000010004b1c        0x9 kernel/CMakeFiles/kernel.dir/C_/Users/julie/Tools/pico-sdk/src/rp2_common/hardware_pll/pll.c.obj
 *fill*         0x0000000010004b25        0x3 
 .rodata.__assert_func.str1.4
                0x0000000010004b28       0x3f kernel/CMakeFiles/kernel.dir/C_/Users/julie/Tools/pico-sdk/src/rp2_common/pico_runtime/runtime.c.obj
                                         0x43 (size before relaxing)
 *fill*         0x0000000010004b67        0x1 
 .rodata.runtime_init.str1.4
                0x0000000010004b68       0x64 kernel/CMakeFiles/kernel.dir/C_/Users/julie/Tools/pico-sdk/src/rp2_common/pico_runtime/runtime.c.obj
 .rodata.panic.str1.4
                0x0000000010004bcc       0x12 kernel/CMakeFiles/kernel.dir/C_/Users/julie/Tools/pico-sdk/src/rp2_common/pico_runtime/runtime.c.obj
 *fill*         0x0000000010004bde        0x2 
 .rodata.__func__.2
                0x0000000010004be0        0xd kernel/CMakeFiles/kernel.dir/C_/Users/julie/Tools/pico-sdk/src/rp2_common/pico_runtime/runtime.c.obj
 *fill*         0x0000000010004bed        0x3 
 .rodata._ftoa.str1.4
                0x0000000010004bf0       0x15 kernel/CMakeFiles/kernel.dir/C_/Users/julie/Tools/pico-sdk/src/rp2_common/pico_printf/printf.c.obj
 *fill*         0x0000000010004c05        0x3 
 .rodata._vsnprintf
                0x0000000010004c08      0x19c kernel/CMakeFiles/kernel.dir/C_/Users/julie/Tools/pico-sdk/src/rp2_common/pico_printf/printf.c.obj
 *fill*         0x0000000010004da4        0x4 
 .rodata.pow10.0
                0x0000000010004da8       0x50 kernel/CMakeFiles/kernel.dir/C_/Users/julie/Tools/pico-sdk/src/rp2_common/pico_printf/printf.c.obj
 .rodata.__aeabi_double_init.str1.4
                0x0000000010004df8       0xab kernel/CMakeFiles/kernel.dir/C_/Users/julie/Tools/pico-sdk/src/rp2_common/pico_double/double_init_rom.c.obj
 *fill*         0x0000000010004ea3        0x1 
 .rodata.__func__.0
                0x0000000010004ea4       0x14 kernel/CMakeFiles/kernel.dir/C_/Users/julie/Tools/pico-sdk/src/rp2_common/pico_double/double_init_rom.c.obj
 .rodata.__aeabi_float_init.str1.4
                0x0000000010004eb8       0x7d kernel/CMakeFiles/kernel.dir/C_/Users/julie/Tools/pico-sdk/src/rp2_common/pico_float/float_init_rom.c.obj
                                         0x81 (size before relaxing)
 *fill*         0x0000000010004f35        0x3 
 .rodata.__func__.0
                0x0000000010004f38       0x13 kernel/CMakeFiles/kernel.dir/C_/Users/julie/Tools/pico-sdk/src/rp2_common/pico_float/float_init_rom.c.obj
 *fill*         0x0000000010004f4b        0x1 
 .rodata.str1.4
                0x0000000010004f4c       0x7c kernel/CMakeFiles/kernel.dir/C_/Users/julie/Tools/pico-sdk/src/rp2_common/pico_standard_link/binary_info.c.obj
 .rodata.__bi_81
                0x0000000010004fc8        0xc kernel/CMakeFiles/kernel.dir/C_/Users/julie/Tools/pico-sdk/src/rp2_common/pico_standard_link/binary_info.c.obj
 .rodata.__bi_75
                0x0000000010004fd4        0xc kernel/CMakeFiles/kernel.dir/C_/Users/julie/Tools/pico-sdk/src/rp2_common/pico_standard_link/binary_info.c.obj
 .rodata.__bi_69
                0x0000000010004fe0        0xc kernel/CMakeFiles/kernel.dir/C_/Users/julie/Tools/pico-sdk/src/rp2_common/pico_standard_link/binary_info.c.obj
 .rodata.__bi_44
                0x0000000010004fec        0xc kernel/CMakeFiles/kernel.dir/C_/Users/julie/Tools/pico-sdk/src/rp2_common/pico_standard_link/binary_info.c.obj
 .rodata.update_us_since_boot.str1.4
                0x0000000010004ff8       0x64 kernel/CMakeFiles/kernel.dir/C_/Users/julie/Tools/pico-sdk/src/rp2_common/pico_stdio/stdio.c.obj
 .rodata.crlf_str.2
                0x0000000010004ff8        0x2 kernel/CMakeFiles/kernel.dir/C_/Users/julie/Tools/pico-sdk/src/rp2_common/pico_stdio/stdio.c.obj
 *fill*         0x0000000010004ffa        0x2 
 .rodata.__func__.3
                0x0000000010004ffc       0x15 kernel/CMakeFiles/kernel.dir/C_/Users/julie/Tools/pico-sdk/src/rp2_common/pico_stdio/stdio.c.obj
 *fill*         0x0000000010005011        0x3 
 .rodata        0x0000000010005014        0x4 f:/scoop/apps/msys2/current/mingw64/bin/../lib/gcc/arm-none-eabi/12.2.0/../../../../arm-none-eabi/lib/thumb/v6-m/nofp\libg.a(lib_a-impure.o)
                0x0000000010005014                _global_impure_ptr
                0x0000000010005018                . = ALIGN (0x4)
 *(SORT_BY_ALIGNMENT(SORT_BY_NAME(.flashdata*)))
                0x0000000010005018                . = ALIGN (0x4)

.rel.dyn        0x0000000010005018        0x0
 .rel.iplt      0x0000000010005018        0x0 f:/scoop/apps/msys2/current/mingw64/bin/../lib/gcc/arm-none-eabi/12.2.0/thumb/v6-m/nofp/crtbegin.o

.ARM.extab
 *(.ARM.extab* .gnu.linkonce.armextab.*)
                0x0000000010005018                __exidx_start = .

.ARM.exidx
 *(.ARM.exidx* .gnu.linkonce.armexidx.*)
                0x0000000010005018                __exidx_end = .
                0x0000000010005018                . = ALIGN (0x4)
                0x0000000010005018                __binary_info_start = .

.binary_info    0x0000000010005018       0x20
 *(.binary_info.keep.*)
 .binary_info.keep.__bi_ptr81
                0x0000000010005018        0x4 kernel/CMakeFiles/kernel.dir/C_/Users/julie/Tools/pico-sdk/src/rp2_common/pico_standard_link/binary_info.c.obj
 .binary_info.keep.__bi_ptr75
                0x000000001000501c        0x4 kernel/CMakeFiles/kernel.dir/C_/Users/julie/Tools/pico-sdk/src/rp2_common/pico_standard_link/binary_info.c.obj
 .binary_info.keep.__bi_ptr69
                0x0000000010005020        0x4 kernel/CMakeFiles/kernel.dir/C_/Users/julie/Tools/pico-sdk/src/rp2_common/pico_standard_link/binary_info.c.obj
 .binary_info.keep.__bi_ptr50
                0x0000000010005024        0x4 kernel/CMakeFiles/kernel.dir/C_/Users/julie/Tools/pico-sdk/src/rp2_common/pico_standard_link/binary_info.c.obj
 .binary_info.keep.__bi_ptr44
                0x0000000010005028        0x4 kernel/CMakeFiles/kernel.dir/C_/Users/julie/Tools/pico-sdk/src/rp2_common/pico_standard_link/binary_info.c.obj
 .binary_info.keep.__bi_ptr38
                0x000000001000502c        0x4 kernel/CMakeFiles/kernel.dir/C_/Users/julie/Tools/pico-sdk/src/rp2_common/pico_standard_link/binary_info.c.obj
 .binary_info.keep.__bi_ptr30
                0x0000000010005030        0x4 kernel/CMakeFiles/kernel.dir/C_/Users/julie/Tools/pico-sdk/src/rp2_common/pico_standard_link/binary_info.c.obj
 .binary_info.keep.__bi_ptr22
                0x0000000010005034        0x4 kernel/CMakeFiles/kernel.dir/C_/Users/julie/Tools/pico-sdk/src/rp2_common/pico_standard_link/binary_info.c.obj
 *(.binary_info.*)
                0x0000000010005038                __binary_info_end = .
                0x0000000010005038                . = ALIGN (0x4)
                0x0000000010005038                __etext = .

.ram_vector_table
                0x0000000020000000       0xc0
 *(.ram_vector_table)
 .ram_vector_table
                0x0000000020000000       0xc0 kernel/CMakeFiles/kernel.dir/C_/Users/julie/Tools/pico-sdk/src/rp2_common/pico_runtime/runtime.c.obj
                0x0000000020000000                ram_vector_table

.data           0x00000000200000c0      0x664 load address 0x0000000010005038
                0x00000000200000c0                __data_start__ = .
 *(vtable)
 *(.time_critical*)
 .time_critical.mutex_try_enter
                0x00000000200000c0       0x46 kernel/CMakeFiles/kernel.dir/C_/Users/julie/Tools/pico-sdk/src/common/pico_sync/mutex.c.obj
                0x00000000200000c0                mutex_try_enter
 *fill*         0x0000000020000106        0x2 
 .time_critical.mutex_enter_block_until
                0x0000000020000108       0x8c kernel/CMakeFiles/kernel.dir/C_/Users/julie/Tools/pico-sdk/src/common/pico_sync/mutex.c.obj
                0x0000000020000108                mutex_enter_block_until
 .time_critical.mutex_try_enter_block_until
                0x0000000020000194       0x34 kernel/CMakeFiles/kernel.dir/C_/Users/julie/Tools/pico-sdk/src/common/pico_sync/mutex.c.obj
                0x0000000020000194                mutex_try_enter_block_until
 .time_critical.mutex_exit
                0x00000000200001c8       0x4c kernel/CMakeFiles/kernel.dir/C_/Users/julie/Tools/pico-sdk/src/common/pico_sync/mutex.c.obj
                0x00000000200001c8                mutex_exit
 *(.text*)
 .text          0x0000000020000214        0x4 f:/scoop/apps/msys2/current/mingw64/bin/../lib/gcc/arm-none-eabi/12.2.0/thumb/v6-m/nofp\libgcc.a(_dvmd_tls.o)
                0x0000000020000214                __aeabi_idiv0
                0x0000000020000214                __aeabi_ldiv0
 .text.__stub   0x0000000020000218       0x20 linker stubs
                0x0000000020000238                . = ALIGN (0x4)
 *(.rodata*)
                0x0000000020000238                . = ALIGN (0x4)
 *(.data*)
 .data.striped_spin_lock_num
                0x0000000020000238        0x1 kernel/CMakeFiles/kernel.dir/C_/Users/julie/Tools/pico-sdk/src/rp2_common/hardware_sync/sync.c.obj
 *fill*         0x0000000020000239        0x3 
 .data          0x000000002000023c       0x48 kernel/CMakeFiles/kernel.dir/C_/Users/julie/Tools/pico-sdk/src/rp2_common/hardware_irq/irq_handler_chain.S.obj
                0x000000002000023c                irq_handler_chain_slots
                0x000000002000026c                irq_handler_chain_first_slot
                0x0000000020000276                irq_handler_chain_remove_tail
 .data.default_alarm_pool
                0x0000000020000284       0x18 kernel/CMakeFiles/kernel.dir/C_/Users/julie/Tools/pico-sdk/src/common/pico_time/time.c.obj
 .data.default_alarm_pool_heap
                0x000000002000029c       0x10 kernel/CMakeFiles/kernel.dir/C_/Users/julie/Tools/pico-sdk/src/common/pico_time/time.c.obj
 *fill*         0x00000000200002ac        0x4 
 .data.aeabi_bits_funcs
                0x00000000200002b0       0x10 kernel/CMakeFiles/kernel.dir/C_/Users/julie/Tools/pico-sdk/src/rp2_common/pico_bit_ops/bit_ops_aeabi.S.obj
                0x00000000200002b0                aeabi_bits_funcs
                0x00000000200002c0                aeabi_bits_funcs_end
 .data.aeabi_mem_funcs
                0x00000000200002c0       0x10 kernel/CMakeFiles/kernel.dir/C_/Users/julie/Tools/pico-sdk/src/rp2_common/pico_mem_ops/mem_ops_aeabi.S.obj
                0x00000000200002c0                aeabi_mem_funcs
                0x00000000200002d0                aeabi_mem_funcs_end
 .data          0x00000000200002d0      0x430 f:/scoop/apps/msys2/current/mingw64/bin/../lib/gcc/arm-none-eabi/12.2.0/../../../../arm-none-eabi/lib/thumb/v6-m/nofp\libg.a(lib_a-impure.o)
                0x00000000200002d0                _impure_ptr
 .data          0x0000000020000700        0x4 f:/scoop/apps/msys2/current/mingw64/bin/../lib/gcc/arm-none-eabi/12.2.0/../../../../arm-none-eabi/lib/thumb/v6-m/nofp\libg.a(lib_a-__call_atexit.o)
                0x0000000020000700                __atexit_recursive_mutex
                0x0000000020000704                . = ALIGN (0x4)
 *(.after_data.*)
                0x0000000020000704                . = ALIGN (0x4)
                0x0000000020000704                PROVIDE (__mutex_array_start = .)
 *(SORT_BY_NAME(.mutex_array.*))
 *(.mutex_array)
 .mutex_array   0x0000000020000704        0x8 kernel/CMakeFiles/kernel.dir/C_/Users/julie/Tools/pico-sdk/src/rp2_common/pico_stdio/stdio.c.obj
                0x000000002000070c                PROVIDE (__mutex_array_end = .)
                0x000000002000070c                . = ALIGN (0x4)
                0x000000002000070c                PROVIDE (__preinit_array_start = .)
 *(SORT_BY_NAME(.preinit_array.*))
 .preinit_array.00001
                0x000000002000070c        0x4 kernel/CMakeFiles/kernel.dir/C_/Users/julie/Tools/pico-sdk/src/rp2_common/pico_mem_ops/mem_ops_aeabi.S.obj
 .preinit_array.00010
                0x0000000020000710        0x4 kernel/CMakeFiles/kernel.dir/C_/Users/julie/Tools/pico-sdk/src/rp2_common/pico_bit_ops/bit_ops_aeabi.S.obj
 .preinit_array.00020
                0x0000000020000714        0x4 kernel/CMakeFiles/kernel.dir/C_/Users/julie/Tools/pico-sdk/src/rp2_common/pico_double/double_aeabi.S.obj
 .preinit_array.00020
                0x0000000020000718        0x4 kernel/CMakeFiles/kernel.dir/C_/Users/julie/Tools/pico-sdk/src/rp2_common/pico_float/float_aeabi.S.obj
 *(.preinit_array)
                0x000000002000071c                PROVIDE (__preinit_array_end = .)
                0x000000002000071c                . = ALIGN (0x4)
                0x000000002000071c                PROVIDE (__init_array_start = .)
 *(SORT_BY_NAME(.init_array.*))
 .init_array.00000
                0x000000002000071c        0x4 f:/scoop/apps/msys2/current/mingw64/bin/../lib/gcc/arm-none-eabi/12.2.0/../../../../arm-none-eabi/lib/thumb/v6-m/nofp\libg.a(lib_a-__call_atexit.o)
 *(.init_array)
 .init_array    0x0000000020000720        0x4 f:/scoop/apps/msys2/current/mingw64/bin/../lib/gcc/arm-none-eabi/12.2.0/thumb/v6-m/nofp/crtbegin.o
                0x0000000020000724                PROVIDE (__init_array_end = .)
                0x0000000020000724                . = ALIGN (0x4)
                0x0000000020000724                PROVIDE (__fini_array_start = .)
 *(SORT_BY_NAME(.fini_array.*))
 *(.fini_array)
                0x0000000020000724                PROVIDE (__fini_array_end = .)
 *(.jcr)
                0x0000000020000724                . = ALIGN (0x4)
                0x0000000020000724                __data_end__ = .

.igot.plt       0x0000000020000724        0x0 load address 0x000000001000569c
 .igot.plt      0x0000000020000724        0x0 f:/scoop/apps/msys2/current/mingw64/bin/../lib/gcc/arm-none-eabi/12.2.0/thumb/v6-m/nofp/crtbegin.o

.uninitialized_data
                0x0000000020000724        0x0 load address 0x000000001000569c
                0x0000000020000724                . = ALIGN (0x4)
 *(.uninitialized_data*)

.scratch_x      0x0000000020040000        0x0 load address 0x000000001000569c
                0x0000000020040000                __scratch_x_start__ = .
 *(.scratch_x.*)
                0x0000000020040000                . = ALIGN (0x4)
                0x0000000020040000                __scratch_x_end__ = .
                0x000000001000569c                __scratch_x_source__ = LOADADDR (.scratch_x)

.scratch_y      0x0000000020041000        0x0 load address 0x000000001000569c
                0x0000000020041000                __scratch_y_start__ = .
 *(.scratch_y.*)
                0x0000000020041000                . = ALIGN (0x4)
                0x0000000020041000                __scratch_y_end__ = .
                0x000000001000569c                __scratch_y_source__ = LOADADDR (.scratch_y)

.bss            0x0000000020000728      0x3e8
                0x0000000020000728                . = ALIGN (0x4)
                0x0000000020000728                __bss_start__ = .
 *(SORT_BY_ALIGNMENT(SORT_BY_NAME(.bss*)))
 .bss.default_alarm_pool_entries
                0x0000000020000728      0x100 kernel/CMakeFiles/kernel.dir/C_/Users/julie/Tools/pico-sdk/src/common/pico_time/time.c.obj
 .bss           0x0000000020000828       0x21 f:/scoop/apps/msys2/current/mingw64/bin/../lib/gcc/arm-none-eabi/12.2.0/../../../../arm-none-eabi/lib/thumb/v6-m/nofp\libg.a(lib_a-lock.o)
                0x0000000020000828                __lock___arc4random_mutex
                0x000000002000082c                __lock___dd_hash_mutex
                0x0000000020000830                __lock___tz_mutex
                0x0000000020000834                __lock___env_recursive_mutex
                0x0000000020000838                __lock___malloc_recursive_mutex
                0x000000002000083c                __lock___at_quick_exit_mutex
                0x0000000020000840                __lock___atexit_recursive_mutex
                0x0000000020000844                __lock___sfp_recursive_mutex
                0x0000000020000848                __lock___sinit_recursive_mutex
 *fill*         0x0000000020000849        0x3 
 .bss.alarm_callbacks
                0x000000002000084c       0x10 kernel/CMakeFiles/kernel.dir/C_/Users/julie/Tools/pico-sdk/src/rp2_common/hardware_timer/timer.c.obj
 .bss.configured_freq
                0x000000002000085c       0x28 kernel/CMakeFiles/kernel.dir/C_/Users/julie/Tools/pico-sdk/src/rp2_common/hardware_clocks/clocks.c.obj
 .bss.default_alarm_pool_entry_ids_high
                0x0000000020000884       0x10 kernel/CMakeFiles/kernel.dir/C_/Users/julie/Tools/pico-sdk/src/common/pico_time/time.c.obj
 .bss.default_alarm_pool_heap_nodes
                0x0000000020000894       0x30 kernel/CMakeFiles/kernel.dir/C_/Users/julie/Tools/pico-sdk/src/common/pico_time/time.c.obj
 .bss.drivers   0x00000000200008c4        0x4 kernel/CMakeFiles/kernel.dir/C_/Users/julie/Tools/pico-sdk/src/rp2_common/pico_stdio/stdio.c.obj
 .bss.filter    0x00000000200008c8        0x4 kernel/CMakeFiles/kernel.dir/C_/Users/julie/Tools/pico-sdk/src/rp2_common/pico_stdio/stdio.c.obj
 .bss.object.0  0x00000000200008cc       0x18 f:/scoop/apps/msys2/current/mingw64/bin/../lib/gcc/arm-none-eabi/12.2.0/thumb/v6-m/nofp/crtbegin.o
 .bss.pools     0x00000000200008e4       0x10 kernel/CMakeFiles/kernel.dir/C_/Users/julie/Tools/pico-sdk/src/common/pico_time/time.c.obj
 .bss.sd_table  0x00000000200008f4      0x100 kernel/CMakeFiles/kernel.dir/C_/Users/julie/Tools/pico-sdk/src/rp2_common/pico_double/double_init_rom.c.obj
                0x00000000200008f4                sd_table
 .bss.sf_clz_func
                0x00000000200009f4        0x4 kernel/CMakeFiles/kernel.dir/C_/Users/julie/Tools/pico-sdk/src/rp2_common/pico_double/double_init_rom.c.obj
                0x00000000200009f4                sf_clz_func
 .bss.sf_table  0x00000000200009f8      0x100 kernel/CMakeFiles/kernel.dir/C_/Users/julie/Tools/pico-sdk/src/rp2_common/pico_float/float_init_rom.c.obj
                0x00000000200009f8                sf_table
 .bss.sleep_notifier
                0x0000000020000af8        0x4 kernel/CMakeFiles/kernel.dir/C_/Users/julie/Tools/pico-sdk/src/common/pico_time/time.c.obj
 .bss.target_hi
                0x0000000020000afc       0x10 kernel/CMakeFiles/kernel.dir/C_/Users/julie/Tools/pico-sdk/src/rp2_common/hardware_timer/timer.c.obj
 .bss.claimed   0x0000000020000b0c        0x1 kernel/CMakeFiles/kernel.dir/C_/Users/julie/Tools/pico-sdk/src/rp2_common/hardware_timer/timer.c.obj
 .bss.irq_hander_chain_free_slot_head
                0x0000000020000b0d        0x1 kernel/CMakeFiles/kernel.dir/C_/Users/julie/Tools/pico-sdk/src/rp2_common/hardware_irq/irq.c.obj
 .bss.timer_callbacks_pending
                0x0000000020000b0e        0x1 kernel/CMakeFiles/kernel.dir/C_/Users/julie/Tools/pico-sdk/src/rp2_common/hardware_timer/timer.c.obj
 *(COMMON)
                0x0000000020000b10                . = ALIGN (0x4)
 *fill*         0x0000000020000b0f        0x1 
                0x0000000020000b10                __bss_end__ = .

.heap           0x0000000020000b10      0x800
                0x0000000020000b10                __end__ = .
                0x0000000020000b10                end = __end__
 *(.heap*)
 .heap          0x0000000020000b10      0x800 kernel/CMakeFiles/kernel.dir/C_/Users/julie/Tools/pico-sdk/src/rp2_common/pico_standard_link/crt0.S.obj
                0x0000000020001310                __HeapLimit = .

.stack1_dummy
 *(.stack1*)

.stack_dummy    0x0000000020041000      0x800
 *(.stack*)
 .stack         0x0000000020041000      0x800 kernel/CMakeFiles/kernel.dir/C_/Users/julie/Tools/pico-sdk/src/rp2_common/pico_standard_link/crt0.S.obj

.flash_end      0x000000001000569c        0x0
                0x000000001000569c                __flash_binary_end = .
                0x0000000020040000                __StackLimit = (ORIGIN (RAM) + LENGTH (RAM))
                0x0000000020041000                __StackOneTop = (ORIGIN (SCRATCH_X) + LENGTH (SCRATCH_X))
                0x0000000020042000                __StackTop = (ORIGIN (SCRATCH_Y) + LENGTH (SCRATCH_Y))
                0x0000000020041000                __StackOneBottom = (__StackOneTop - SIZEOF (.stack1_dummy))
                0x0000000020041800                __StackBottom = (__StackTop - SIZEOF (.stack_dummy))
                0x0000000020042000                PROVIDE (__stack = __StackTop)
                0x0000000000000001                ASSERT ((__StackLimit >= __HeapLimit), region RAM overflowed)
                0x0000000000000001                ASSERT (((__binary_info_header_end - __logical_binary_start) <= 0x100), Binary info must be in first 256 bytes of the binary)
LOAD kernel/CMakeFiles/kernel.dir/main.c.obj
LOAD kernel/CMakeFiles/kernel.dir/C_/Users/julie/Tools/pico-sdk/src/rp2_common/pico_stdlib/stdlib.c.obj
LOAD kernel/CMakeFiles/kernel.dir/C_/Users/julie/Tools/pico-sdk/src/rp2_common/hardware_gpio/gpio.c.obj
LOAD kernel/CMakeFiles/kernel.dir/C_/Users/julie/Tools/pico-sdk/src/rp2_common/pico_platform/platform.c.obj
LOAD kernel/CMakeFiles/kernel.dir/C_/Users/julie/Tools/pico-sdk/src/rp2_common/hardware_claim/claim.c.obj
LOAD kernel/CMakeFiles/kernel.dir/C_/Users/julie/Tools/pico-sdk/src/rp2_common/hardware_sync/sync.c.obj
LOAD kernel/CMakeFiles/kernel.dir/C_/Users/julie/Tools/pico-sdk/src/rp2_common/hardware_irq/irq.c.obj
LOAD kernel/CMakeFiles/kernel.dir/C_/Users/julie/Tools/pico-sdk/src/rp2_common/hardware_irq/irq_handler_chain.S.obj
LOAD kernel/CMakeFiles/kernel.dir/C_/Users/julie/Tools/pico-sdk/src/common/pico_sync/sem.c.obj
LOAD kernel/CMakeFiles/kernel.dir/C_/Users/julie/Tools/pico-sdk/src/common/pico_sync/lock_core.c.obj
LOAD kernel/CMakeFiles/kernel.dir/C_/Users/julie/Tools/pico-sdk/src/common/pico_sync/mutex.c.obj
LOAD kernel/CMakeFiles/kernel.dir/C_/Users/julie/Tools/pico-sdk/src/common/pico_sync/critical_section.c.obj
LOAD kernel/CMakeFiles/kernel.dir/C_/Users/julie/Tools/pico-sdk/src/common/pico_time/time.c.obj
LOAD kernel/CMakeFiles/kernel.dir/C_/Users/julie/Tools/pico-sdk/src/common/pico_time/timeout_helper.c.obj
LOAD kernel/CMakeFiles/kernel.dir/C_/Users/julie/Tools/pico-sdk/src/rp2_common/hardware_timer/timer.c.obj
LOAD kernel/CMakeFiles/kernel.dir/C_/Users/julie/Tools/pico-sdk/src/common/pico_util/datetime.c.obj
LOAD kernel/CMakeFiles/kernel.dir/C_/Users/julie/Tools/pico-sdk/src/common/pico_util/pheap.c.obj
LOAD kernel/CMakeFiles/kernel.dir/C_/Users/julie/Tools/pico-sdk/src/common/pico_util/queue.c.obj
LOAD kernel/CMakeFiles/kernel.dir/C_/Users/julie/Tools/pico-sdk/src/rp2_common/hardware_uart/uart.c.obj
LOAD kernel/CMakeFiles/kernel.dir/C_/Users/julie/Tools/pico-sdk/src/rp2_common/hardware_clocks/clocks.c.obj
LOAD kernel/CMakeFiles/kernel.dir/C_/Users/julie/Tools/pico-sdk/src/rp2_common/hardware_pll/pll.c.obj
LOAD kernel/CMakeFiles/kernel.dir/C_/Users/julie/Tools/pico-sdk/src/rp2_common/hardware_vreg/vreg.c.obj
LOAD kernel/CMakeFiles/kernel.dir/C_/Users/julie/Tools/pico-sdk/src/rp2_common/hardware_watchdog/watchdog.c.obj
LOAD kernel/CMakeFiles/kernel.dir/C_/Users/julie/Tools/pico-sdk/src/rp2_common/hardware_xosc/xosc.c.obj
LOAD kernel/CMakeFiles/kernel.dir/C_/Users/julie/Tools/pico-sdk/src/rp2_common/hardware_divider/divider.S.obj
LOAD kernel/CMakeFiles/kernel.dir/C_/Users/julie/Tools/pico-sdk/src/rp2_common/pico_runtime/runtime.c.obj
LOAD kernel/CMakeFiles/kernel.dir/C_/Users/julie/Tools/pico-sdk/src/rp2_common/pico_printf/printf.c.obj
LOAD kernel/CMakeFiles/kernel.dir/C_/Users/julie/Tools/pico-sdk/src/rp2_common/pico_bit_ops/bit_ops_aeabi.S.obj
LOAD kernel/CMakeFiles/kernel.dir/C_/Users/julie/Tools/pico-sdk/src/rp2_common/pico_bootrom/bootrom.c.obj
LOAD kernel/CMakeFiles/kernel.dir/C_/Users/julie/Tools/pico-sdk/src/rp2_common/pico_divider/divider.S.obj
LOAD kernel/CMakeFiles/kernel.dir/C_/Users/julie/Tools/pico-sdk/src/rp2_common/pico_double/double_aeabi.S.obj
LOAD kernel/CMakeFiles/kernel.dir/C_/Users/julie/Tools/pico-sdk/src/rp2_common/pico_double/double_init_rom.c.obj
LOAD kernel/CMakeFiles/kernel.dir/C_/Users/julie/Tools/pico-sdk/src/rp2_common/pico_double/double_math.c.obj
LOAD kernel/CMakeFiles/kernel.dir/C_/Users/julie/Tools/pico-sdk/src/rp2_common/pico_double/double_v1_rom_shim.S.obj
LOAD kernel/CMakeFiles/kernel.dir/C_/Users/julie/Tools/pico-sdk/src/rp2_common/pico_int64_ops/pico_int64_ops_aeabi.S.obj
LOAD kernel/CMakeFiles/kernel.dir/C_/Users/julie/Tools/pico-sdk/src/rp2_common/pico_float/float_aeabi.S.obj
LOAD kernel/CMakeFiles/kernel.dir/C_/Users/julie/Tools/pico-sdk/src/rp2_common/pico_float/float_init_rom.c.obj
LOAD kernel/CMakeFiles/kernel.dir/C_/Users/julie/Tools/pico-sdk/src/rp2_common/pico_float/float_math.c.obj
LOAD kernel/CMakeFiles/kernel.dir/C_/Users/julie/Tools/pico-sdk/src/rp2_common/pico_float/float_v1_rom_shim.S.obj
LOAD kernel/CMakeFiles/kernel.dir/C_/Users/julie/Tools/pico-sdk/src/rp2_common/pico_malloc/pico_malloc.c.obj
LOAD kernel/CMakeFiles/kernel.dir/C_/Users/julie/Tools/pico-sdk/src/rp2_common/pico_mem_ops/mem_ops_aeabi.S.obj
LOAD kernel/CMakeFiles/kernel.dir/C_/Users/julie/Tools/pico-sdk/src/rp2_common/pico_standard_link/crt0.S.obj
LOAD kernel/CMakeFiles/kernel.dir/C_/Users/julie/Tools/pico-sdk/src/rp2_common/pico_standard_link/new_delete.cpp.obj
LOAD kernel/CMakeFiles/kernel.dir/C_/Users/julie/Tools/pico-sdk/src/rp2_common/pico_standard_link/binary_info.c.obj
LOAD kernel/CMakeFiles/kernel.dir/C_/Users/julie/Tools/pico-sdk/src/rp2_common/pico_stdio/stdio.c.obj
LOAD kernel/CMakeFiles/kernel.dir/C_/Users/julie/Tools/pico-sdk/src/rp2_common/pico_stdio_uart/stdio_uart.c.obj
LOAD C:\Users\julie\AppData\Local\Temp\ccqbhM4p.o
LOAD f:/scoop/apps/msys2/current/mingw64/bin/../lib/gcc/arm-none-eabi/12.2.0/../../../../arm-none-eabi/lib/thumb/v6-m/nofp\libstdc++.a
LOAD f:/scoop/apps/msys2/current/mingw64/bin/../lib/gcc/arm-none-eabi/12.2.0/../../../../arm-none-eabi/lib/thumb/v6-m/nofp\libm.a
START GROUP
LOAD f:/scoop/apps/msys2/current/mingw64/bin/../lib/gcc/arm-none-eabi/12.2.0/thumb/v6-m/nofp\libgcc.a
LOAD f:/scoop/apps/msys2/current/mingw64/bin/../lib/gcc/arm-none-eabi/12.2.0/../../../../arm-none-eabi/lib/thumb/v6-m/nofp\libg.a
LOAD f:/scoop/apps/msys2/current/mingw64/bin/../lib/gcc/arm-none-eabi/12.2.0/../../../../arm-none-eabi/lib/thumb/v6-m/nofp\libc.a
END GROUP
START GROUP
LOAD f:/scoop/apps/msys2/current/mingw64/bin/../lib/gcc/arm-none-eabi/12.2.0/thumb/v6-m/nofp\libgcc.a
LOAD f:/scoop/apps/msys2/current/mingw64/bin/../lib/gcc/arm-none-eabi/12.2.0/../../../../arm-none-eabi/lib/thumb/v6-m/nofp\libc.a
LOAD f:/scoop/apps/msys2/current/mingw64/bin/../lib/gcc/arm-none-eabi/12.2.0/../../../../arm-none-eabi/lib/thumb/v6-m/nofp\libnosys.a
END GROUP
LOAD f:/scoop/apps/msys2/current/mingw64/bin/../lib/gcc/arm-none-eabi/12.2.0/thumb/v6-m/nofp/crtend.o
LOAD f:/scoop/apps/msys2/current/mingw64/bin/../lib/gcc/arm-none-eabi/12.2.0/thumb/v6-m/nofp/crtn.o
OUTPUT(kernel\kernel.elf elf32-littlearm)
LOAD linker stubs

.ARM.attributes
                0x0000000000000000       0x28
 .ARM.attributes
                0x0000000000000000       0x1e f:/scoop/apps/msys2/current/mingw64/bin/../lib/gcc/arm-none-eabi/12.2.0/thumb/v6-m/nofp/crti.o
 .ARM.attributes
                0x000000000000001e       0x2c f:/scoop/apps/msys2/current/mingw64/bin/../lib/gcc/arm-none-eabi/12.2.0/thumb/v6-m/nofp/crtbegin.o
 .ARM.attributes
                0x000000000000004a       0x2c kernel/CMakeFiles/kernel.dir/main.c.obj
 .ARM.attributes
                0x0000000000000076       0x2c kernel/CMakeFiles/kernel.dir/C_/Users/julie/Tools/pico-sdk/src/rp2_common/hardware_gpio/gpio.c.obj
 .ARM.attributes
                0x00000000000000a2       0x2c kernel/CMakeFiles/kernel.dir/C_/Users/julie/Tools/pico-sdk/src/rp2_common/pico_platform/platform.c.obj
 .ARM.attributes
                0x00000000000000ce       0x2c kernel/CMakeFiles/kernel.dir/C_/Users/julie/Tools/pico-sdk/src/rp2_common/hardware_claim/claim.c.obj
 .ARM.attributes
                0x00000000000000fa       0x2c kernel/CMakeFiles/kernel.dir/C_/Users/julie/Tools/pico-sdk/src/rp2_common/hardware_sync/sync.c.obj
 .ARM.attributes
                0x0000000000000126       0x2c kernel/CMakeFiles/kernel.dir/C_/Users/julie/Tools/pico-sdk/src/rp2_common/hardware_irq/irq.c.obj
 .ARM.attributes
                0x0000000000000152       0x22 kernel/CMakeFiles/kernel.dir/C_/Users/julie/Tools/pico-sdk/src/rp2_common/hardware_irq/irq_handler_chain.S.obj
 .ARM.attributes
                0x0000000000000174       0x2c kernel/CMakeFiles/kernel.dir/C_/Users/julie/Tools/pico-sdk/src/common/pico_sync/lock_core.c.obj
 .ARM.attributes
                0x00000000000001a0       0x2c kernel/CMakeFiles/kernel.dir/C_/Users/julie/Tools/pico-sdk/src/common/pico_sync/mutex.c.obj
 .ARM.attributes
                0x00000000000001cc       0x2c kernel/CMakeFiles/kernel.dir/C_/Users/julie/Tools/pico-sdk/src/common/pico_time/time.c.obj
 .ARM.attributes
                0x00000000000001f8       0x2c kernel/CMakeFiles/kernel.dir/C_/Users/julie/Tools/pico-sdk/src/rp2_common/hardware_timer/timer.c.obj
 .ARM.attributes
                0x0000000000000224       0x2c kernel/CMakeFiles/kernel.dir/C_/Users/julie/Tools/pico-sdk/src/common/pico_util/pheap.c.obj
 .ARM.attributes
                0x0000000000000250       0x2c kernel/CMakeFiles/kernel.dir/C_/Users/julie/Tools/pico-sdk/src/rp2_common/hardware_clocks/clocks.c.obj
 .ARM.attributes
                0x000000000000027c       0x2c kernel/CMakeFiles/kernel.dir/C_/Users/julie/Tools/pico-sdk/src/rp2_common/hardware_pll/pll.c.obj
 .ARM.attributes
                0x00000000000002a8       0x2c kernel/CMakeFiles/kernel.dir/C_/Users/julie/Tools/pico-sdk/src/rp2_common/hardware_watchdog/watchdog.c.obj
 .ARM.attributes
                0x00000000000002d4       0x2c kernel/CMakeFiles/kernel.dir/C_/Users/julie/Tools/pico-sdk/src/rp2_common/hardware_xosc/xosc.c.obj
 .ARM.attributes
                0x0000000000000300       0x2c kernel/CMakeFiles/kernel.dir/C_/Users/julie/Tools/pico-sdk/src/rp2_common/pico_runtime/runtime.c.obj
 .ARM.attributes
                0x000000000000032c       0x2c kernel/CMakeFiles/kernel.dir/C_/Users/julie/Tools/pico-sdk/src/rp2_common/pico_printf/printf.c.obj
 .ARM.attributes
                0x0000000000000358       0x22 kernel/CMakeFiles/kernel.dir/C_/Users/julie/Tools/pico-sdk/src/rp2_common/pico_bit_ops/bit_ops_aeabi.S.obj
 .ARM.attributes
                0x000000000000037a       0x2c kernel/CMakeFiles/kernel.dir/C_/Users/julie/Tools/pico-sdk/src/rp2_common/pico_bootrom/bootrom.c.obj
 .ARM.attributes
                0x00000000000003a6       0x22 kernel/CMakeFiles/kernel.dir/C_/Users/julie/Tools/pico-sdk/src/rp2_common/pico_divider/divider.S.obj
 .ARM.attributes
                0x00000000000003c8       0x22 kernel/CMakeFiles/kernel.dir/C_/Users/julie/Tools/pico-sdk/src/rp2_common/pico_double/double_aeabi.S.obj
 .ARM.attributes
                0x00000000000003ea       0x2c kernel/CMakeFiles/kernel.dir/C_/Users/julie/Tools/pico-sdk/src/rp2_common/pico_double/double_init_rom.c.obj
 .ARM.attributes
                0x0000000000000416       0x22 kernel/CMakeFiles/kernel.dir/C_/Users/julie/Tools/pico-sdk/src/rp2_common/pico_double/double_v1_rom_shim.S.obj
 .ARM.attributes
                0x0000000000000438       0x22 kernel/CMakeFiles/kernel.dir/C_/Users/julie/Tools/pico-sdk/src/rp2_common/pico_int64_ops/pico_int64_ops_aeabi.S.obj
 .ARM.attributes
                0x000000000000045a       0x22 kernel/CMakeFiles/kernel.dir/C_/Users/julie/Tools/pico-sdk/src/rp2_common/pico_float/float_aeabi.S.obj
 .ARM.attributes
                0x000000000000047c       0x2c kernel/CMakeFiles/kernel.dir/C_/Users/julie/Tools/pico-sdk/src/rp2_common/pico_float/float_init_rom.c.obj
 .ARM.attributes
                0x00000000000004a8       0x22 kernel/CMakeFiles/kernel.dir/C_/Users/julie/Tools/pico-sdk/src/rp2_common/pico_float/float_v1_rom_shim.S.obj
 .ARM.attributes
                0x00000000000004ca       0x22 kernel/CMakeFiles/kernel.dir/C_/Users/julie/Tools/pico-sdk/src/rp2_common/pico_mem_ops/mem_ops_aeabi.S.obj
 .ARM.attributes
                0x00000000000004ec       0x22 kernel/CMakeFiles/kernel.dir/C_/Users/julie/Tools/pico-sdk/src/rp2_common/pico_standard_link/crt0.S.obj
 .ARM.attributes
                0x000000000000050e       0x2c kernel/CMakeFiles/kernel.dir/C_/Users/julie/Tools/pico-sdk/src/rp2_common/pico_standard_link/binary_info.c.obj
 .ARM.attributes
                0x000000000000053a       0x2c kernel/CMakeFiles/kernel.dir/C_/Users/julie/Tools/pico-sdk/src/rp2_common/pico_stdio/stdio.c.obj
 .ARM.attributes
                0x0000000000000566       0x22 C:\Users\julie\AppData\Local\Temp\ccqbhM4p.o
 .ARM.attributes
                0x0000000000000588       0x1e f:/scoop/apps/msys2/current/mingw64/bin/../lib/gcc/arm-none-eabi/12.2.0/thumb/v6-m/nofp\libgcc.a(_dvmd_tls.o)
 .ARM.attributes
                0x00000000000005a6       0x2c f:/scoop/apps/msys2/current/mingw64/bin/../lib/gcc/arm-none-eabi/12.2.0/../../../../arm-none-eabi/lib/thumb/v6-m/nofp\libg.a(lib_a-atexit.o)
 .ARM.attributes
                0x00000000000005d2       0x2c f:/scoop/apps/msys2/current/mingw64/bin/../lib/gcc/arm-none-eabi/12.2.0/../../../../arm-none-eabi/lib/thumb/v6-m/nofp\libg.a(lib_a-fini.o)
 .ARM.attributes
                0x00000000000005fe       0x2c f:/scoop/apps/msys2/current/mingw64/bin/../lib/gcc/arm-none-eabi/12.2.0/../../../../arm-none-eabi/lib/thumb/v6-m/nofp\libg.a(lib_a-impure.o)
 .ARM.attributes
                0x000000000000062a       0x2c f:/scoop/apps/msys2/current/mingw64/bin/../lib/gcc/arm-none-eabi/12.2.0/../../../../arm-none-eabi/lib/thumb/v6-m/nofp\libg.a(lib_a-strlen-stub.o)
 .ARM.attributes
                0x0000000000000656       0x2c f:/scoop/apps/msys2/current/mingw64/bin/../lib/gcc/arm-none-eabi/12.2.0/../../../../arm-none-eabi/lib/thumb/v6-m/nofp\libg.a(lib_a-__atexit.o)
 .ARM.attributes
                0x0000000000000682       0x2c f:/scoop/apps/msys2/current/mingw64/bin/../lib/gcc/arm-none-eabi/12.2.0/../../../../arm-none-eabi/lib/thumb/v6-m/nofp\libg.a(lib_a-__call_atexit.o)
 .ARM.attributes
                0x00000000000006ae       0x2c f:/scoop/apps/msys2/current/mingw64/bin/../lib/gcc/arm-none-eabi/12.2.0/../../../../arm-none-eabi/lib/thumb/v6-m/nofp\libg.a(lib_a-lock.o)

.comment        0x0000000000000000       0x12
 .comment       0x0000000000000000       0x12 kernel/CMakeFiles/kernel.dir/main.c.obj
                                         0x13 (size before relaxing)
 .comment       0x0000000000000012       0x13 kernel/CMakeFiles/kernel.dir/C_/Users/julie/Tools/pico-sdk/src/rp2_common/hardware_gpio/gpio.c.obj
 .comment       0x0000000000000012       0x13 kernel/CMakeFiles/kernel.dir/C_/Users/julie/Tools/pico-sdk/src/rp2_common/pico_platform/platform.c.obj
 .comment       0x0000000000000012       0x13 kernel/CMakeFiles/kernel.dir/C_/Users/julie/Tools/pico-sdk/src/rp2_common/hardware_claim/claim.c.obj
 .comment       0x0000000000000012       0x13 kernel/CMakeFiles/kernel.dir/C_/Users/julie/Tools/pico-sdk/src/rp2_common/hardware_sync/sync.c.obj
 .comment       0x0000000000000012       0x13 kernel/CMakeFiles/kernel.dir/C_/Users/julie/Tools/pico-sdk/src/rp2_common/hardware_irq/irq.c.obj
 .comment       0x0000000000000012       0x13 kernel/CMakeFiles/kernel.dir/C_/Users/julie/Tools/pico-sdk/src/common/pico_sync/lock_core.c.obj
 .comment       0x0000000000000012       0x13 kernel/CMakeFiles/kernel.dir/C_/Users/julie/Tools/pico-sdk/src/common/pico_sync/mutex.c.obj
 .comment       0x0000000000000012       0x13 kernel/CMakeFiles/kernel.dir/C_/Users/julie/Tools/pico-sdk/src/common/pico_time/time.c.obj
 .comment       0x0000000000000012       0x13 kernel/CMakeFiles/kernel.dir/C_/Users/julie/Tools/pico-sdk/src/rp2_common/hardware_timer/timer.c.obj
 .comment       0x0000000000000012       0x13 kernel/CMakeFiles/kernel.dir/C_/Users/julie/Tools/pico-sdk/src/common/pico_util/pheap.c.obj
 .comment       0x0000000000000012       0x13 kernel/CMakeFiles/kernel.dir/C_/Users/julie/Tools/pico-sdk/src/rp2_common/hardware_clocks/clocks.c.obj
 .comment       0x0000000000000012       0x13 kernel/CMakeFiles/kernel.dir/C_/Users/julie/Tools/pico-sdk/src/rp2_common/hardware_pll/pll.c.obj
 .comment       0x0000000000000012       0x13 kernel/CMakeFiles/kernel.dir/C_/Users/julie/Tools/pico-sdk/src/rp2_common/hardware_watchdog/watchdog.c.obj
 .comment       0x0000000000000012       0x13 kernel/CMakeFiles/kernel.dir/C_/Users/julie/Tools/pico-sdk/src/rp2_common/hardware_xosc/xosc.c.obj
 .comment       0x0000000000000012       0x13 kernel/CMakeFiles/kernel.dir/C_/Users/julie/Tools/pico-sdk/src/rp2_common/pico_runtime/runtime.c.obj
 .comment       0x0000000000000012       0x13 kernel/CMakeFiles/kernel.dir/C_/Users/julie/Tools/pico-sdk/src/rp2_common/pico_printf/printf.c.obj
 .comment       0x0000000000000012       0x13 kernel/CMakeFiles/kernel.dir/C_/Users/julie/Tools/pico-sdk/src/rp2_common/pico_bootrom/bootrom.c.obj
 .comment       0x0000000000000012       0x13 kernel/CMakeFiles/kernel.dir/C_/Users/julie/Tools/pico-sdk/src/rp2_common/pico_double/double_init_rom.c.obj
 .comment       0x0000000000000012       0x13 kernel/CMakeFiles/kernel.dir/C_/Users/julie/Tools/pico-sdk/src/rp2_common/pico_float/float_init_rom.c.obj
 .comment       0x0000000000000012       0x13 kernel/CMakeFiles/kernel.dir/C_/Users/julie/Tools/pico-sdk/src/rp2_common/pico_standard_link/binary_info.c.obj
 .comment       0x0000000000000012       0x13 kernel/CMakeFiles/kernel.dir/C_/Users/julie/Tools/pico-sdk/src/rp2_common/pico_stdio/stdio.c.obj

.debug_info     0x0000000000000000    0x1250a
 .debug_info    0x0000000000000000      0x607 kernel/CMakeFiles/kernel.dir/main.c.obj
 .debug_info    0x0000000000000607     0x1671 kernel/CMakeFiles/kernel.dir/C_/Users/julie/Tools/pico-sdk/src/rp2_common/hardware_gpio/gpio.c.obj
 .debug_info    0x0000000000001c78      0x1fb kernel/CMakeFiles/kernel.dir/C_/Users/julie/Tools/pico-sdk/src/rp2_common/pico_platform/platform.c.obj
 .debug_info    0x0000000000001e73      0x696 kernel/CMakeFiles/kernel.dir/C_/Users/julie/Tools/pico-sdk/src/rp2_common/hardware_claim/claim.c.obj
 .debug_info    0x0000000000002509      0x5db kernel/CMakeFiles/kernel.dir/C_/Users/julie/Tools/pico-sdk/src/rp2_common/hardware_sync/sync.c.obj
 .debug_info    0x0000000000002ae4     0x1c0c kernel/CMakeFiles/kernel.dir/C_/Users/julie/Tools/pico-sdk/src/rp2_common/hardware_irq/irq.c.obj
 .debug_info    0x00000000000046f0      0x1a3 kernel/CMakeFiles/kernel.dir/C_/Users/julie/Tools/pico-sdk/src/common/pico_sync/lock_core.c.obj
 .debug_info    0x0000000000004893     0x1d1f kernel/CMakeFiles/kernel.dir/C_/Users/julie/Tools/pico-sdk/src/common/pico_sync/mutex.c.obj
 .debug_info    0x00000000000065b2     0x33e5 kernel/CMakeFiles/kernel.dir/C_/Users/julie/Tools/pico-sdk/src/common/pico_time/time.c.obj
 .debug_info    0x0000000000009997     0x1428 kernel/CMakeFiles/kernel.dir/C_/Users/julie/Tools/pico-sdk/src/rp2_common/hardware_timer/timer.c.obj
 .debug_info    0x000000000000adbf      0xe63 kernel/CMakeFiles/kernel.dir/C_/Users/julie/Tools/pico-sdk/src/common/pico_util/pheap.c.obj
 .debug_info    0x000000000000bc22      0xfa6 kernel/CMakeFiles/kernel.dir/C_/Users/julie/Tools/pico-sdk/src/rp2_common/hardware_clocks/clocks.c.obj
 .debug_info    0x000000000000cbc8      0x505 kernel/CMakeFiles/kernel.dir/C_/Users/julie/Tools/pico-sdk/src/rp2_common/hardware_pll/pll.c.obj
 .debug_info    0x000000000000d0cd      0x4c5 kernel/CMakeFiles/kernel.dir/C_/Users/julie/Tools/pico-sdk/src/rp2_common/hardware_watchdog/watchdog.c.obj
 .debug_info    0x000000000000d592      0x1c7 kernel/CMakeFiles/kernel.dir/C_/Users/julie/Tools/pico-sdk/src/rp2_common/hardware_xosc/xosc.c.obj
 .debug_info    0x000000000000d759      0xeef kernel/CMakeFiles/kernel.dir/C_/Users/julie/Tools/pico-sdk/src/rp2_common/pico_runtime/runtime.c.obj
 .debug_info    0x000000000000e648     0x19a2 kernel/CMakeFiles/kernel.dir/C_/Users/julie/Tools/pico-sdk/src/rp2_common/pico_printf/printf.c.obj
 .debug_info    0x000000000000ffea       0x23 kernel/CMakeFiles/kernel.dir/C_/Users/julie/Tools/pico-sdk/src/rp2_common/pico_bit_ops/bit_ops_aeabi.S.obj
 .debug_info    0x000000000001000d      0x325 kernel/CMakeFiles/kernel.dir/C_/Users/julie/Tools/pico-sdk/src/rp2_common/pico_bootrom/bootrom.c.obj
 .debug_info    0x0000000000010332       0x23 kernel/CMakeFiles/kernel.dir/C_/Users/julie/Tools/pico-sdk/src/rp2_common/pico_divider/divider.S.obj
 .debug_info    0x0000000000010355       0x23 kernel/CMakeFiles/kernel.dir/C_/Users/julie/Tools/pico-sdk/src/rp2_common/pico_double/double_aeabi.S.obj
 .debug_info    0x0000000000010378      0x33b kernel/CMakeFiles/kernel.dir/C_/Users/julie/Tools/pico-sdk/src/rp2_common/pico_double/double_init_rom.c.obj
 .debug_info    0x00000000000106b3       0x23 kernel/CMakeFiles/kernel.dir/C_/Users/julie/Tools/pico-sdk/src/rp2_common/pico_double/double_v1_rom_shim.S.obj
 .debug_info    0x00000000000106d6       0x24 kernel/CMakeFiles/kernel.dir/C_/Users/julie/Tools/pico-sdk/src/rp2_common/pico_int64_ops/pico_int64_ops_aeabi.S.obj
 .debug_info    0x00000000000106fa       0x23 kernel/CMakeFiles/kernel.dir/C_/Users/julie/Tools/pico-sdk/src/rp2_common/pico_float/float_aeabi.S.obj
 .debug_info    0x000000000001071d      0x34f kernel/CMakeFiles/kernel.dir/C_/Users/julie/Tools/pico-sdk/src/rp2_common/pico_float/float_init_rom.c.obj
 .debug_info    0x0000000000010a6c       0x23 kernel/CMakeFiles/kernel.dir/C_/Users/julie/Tools/pico-sdk/src/rp2_common/pico_float/float_v1_rom_shim.S.obj
 .debug_info    0x0000000000010a8f       0x23 kernel/CMakeFiles/kernel.dir/C_/Users/julie/Tools/pico-sdk/src/rp2_common/pico_mem_ops/mem_ops_aeabi.S.obj
 .debug_info    0x0000000000010ab2       0x23 kernel/CMakeFiles/kernel.dir/C_/Users/julie/Tools/pico-sdk/src/rp2_common/pico_standard_link/crt0.S.obj
 .debug_info    0x0000000000010ad5      0x2dd kernel/CMakeFiles/kernel.dir/C_/Users/julie/Tools/pico-sdk/src/rp2_common/pico_standard_link/binary_info.c.obj
 .debug_info    0x0000000000010db2     0x171f kernel/CMakeFiles/kernel.dir/C_/Users/julie/Tools/pico-sdk/src/rp2_common/pico_stdio/stdio.c.obj
 .debug_info    0x00000000000124d1       0x39 f:/scoop/apps/msys2/current/mingw64/bin/../lib/gcc/arm-none-eabi/12.2.0/thumb/v6-m/nofp\libgcc.a(_dvmd_tls.o)

.debug_abbrev   0x0000000000000000     0x3dae
 .debug_abbrev  0x0000000000000000      0x1d3 kernel/CMakeFiles/kernel.dir/main.c.obj
 .debug_abbrev  0x00000000000001d3      0x361 kernel/CMakeFiles/kernel.dir/C_/Users/julie/Tools/pico-sdk/src/rp2_common/hardware_gpio/gpio.c.obj
 .debug_abbrev  0x0000000000000534       0xf8 kernel/CMakeFiles/kernel.dir/C_/Users/julie/Tools/pico-sdk/src/rp2_common/pico_platform/platform.c.obj